Archive member included to satisfy reference by file (symbol)

C:/ST/STM32CubeIDE_1.13.2/STM32CubeIDE/plugins/com.st.stm32cube.ide.mcu.externaltools.gnu-tools-for-stm32.11.3.rel1.win32_1.1.100.202309141235/tools/bin/../lib/gcc/arm-none-eabi/11.3.1/../../../../arm-none-eabi/lib/thumb/v7e-m+fp/hard\libc_nano.a(libc_a-exit.o)
                              C:/ST/STM32CubeIDE_1.13.2/STM32CubeIDE/plugins/com.st.stm32cube.ide.mcu.externaltools.gnu-tools-for-stm32.11.3.rel1.win32_1.1.100.202309141235/tools/bin/../lib/gcc/arm-none-eabi/11.3.1/../../../../arm-none-eabi/lib/thumb/v7e-m+fp/hard/crt0.o (exit)
C:/ST/STM32CubeIDE_1.13.2/STM32CubeIDE/plugins/com.st.stm32cube.ide.mcu.externaltools.gnu-tools-for-stm32.11.3.rel1.win32_1.1.100.202309141235/tools/bin/../lib/gcc/arm-none-eabi/11.3.1/../../../../arm-none-eabi/lib/thumb/v7e-m+fp/hard\libc_nano.a(libc_a-findfp.o)
                              C:/ST/STM32CubeIDE_1.13.2/STM32CubeIDE/plugins/com.st.stm32cube.ide.mcu.externaltools.gnu-tools-for-stm32.11.3.rel1.win32_1.1.100.202309141235/tools/bin/../lib/gcc/arm-none-eabi/11.3.1/../../../../arm-none-eabi/lib/thumb/v7e-m+fp/hard\libc_nano.a(libc_a-exit.o) (__stdio_exit_handler)
C:/ST/STM32CubeIDE_1.13.2/STM32CubeIDE/plugins/com.st.stm32cube.ide.mcu.externaltools.gnu-tools-for-stm32.11.3.rel1.win32_1.1.100.202309141235/tools/bin/../lib/gcc/arm-none-eabi/11.3.1/../../../../arm-none-eabi/lib/thumb/v7e-m+fp/hard\libc_nano.a(libc_a-fwalk.o)
                              C:/ST/STM32CubeIDE_1.13.2/STM32CubeIDE/plugins/com.st.stm32cube.ide.mcu.externaltools.gnu-tools-for-stm32.11.3.rel1.win32_1.1.100.202309141235/tools/bin/../lib/gcc/arm-none-eabi/11.3.1/../../../../arm-none-eabi/lib/thumb/v7e-m+fp/hard\libc_nano.a(libc_a-findfp.o) (_fwalk_sglue)
C:/ST/STM32CubeIDE_1.13.2/STM32CubeIDE/plugins/com.st.stm32cube.ide.mcu.externaltools.gnu-tools-for-stm32.11.3.rel1.win32_1.1.100.202309141235/tools/bin/../lib/gcc/arm-none-eabi/11.3.1/../../../../arm-none-eabi/lib/thumb/v7e-m+fp/hard\libc_nano.a(libc_a-stdio.o)
                              C:/ST/STM32CubeIDE_1.13.2/STM32CubeIDE/plugins/com.st.stm32cube.ide.mcu.externaltools.gnu-tools-for-stm32.11.3.rel1.win32_1.1.100.202309141235/tools/bin/../lib/gcc/arm-none-eabi/11.3.1/../../../../arm-none-eabi/lib/thumb/v7e-m+fp/hard\libc_nano.a(libc_a-findfp.o) (__sread)
C:/ST/STM32CubeIDE_1.13.2/STM32CubeIDE/plugins/com.st.stm32cube.ide.mcu.externaltools.gnu-tools-for-stm32.11.3.rel1.win32_1.1.100.202309141235/tools/bin/../lib/gcc/arm-none-eabi/11.3.1/../../../../arm-none-eabi/lib/thumb/v7e-m+fp/hard\libc_nano.a(libc_a-vsprintf.o)
                              ./Core/Src/ili9341.o (vsprintf)
C:/ST/STM32CubeIDE_1.13.2/STM32CubeIDE/plugins/com.st.stm32cube.ide.mcu.externaltools.gnu-tools-for-stm32.11.3.rel1.win32_1.1.100.202309141235/tools/bin/../lib/gcc/arm-none-eabi/11.3.1/../../../../arm-none-eabi/lib/thumb/v7e-m+fp/hard\libc_nano.a(libc_a-memset.o)
                              C:/ST/STM32CubeIDE_1.13.2/STM32CubeIDE/plugins/com.st.stm32cube.ide.mcu.externaltools.gnu-tools-for-stm32.11.3.rel1.win32_1.1.100.202309141235/tools/bin/../lib/gcc/arm-none-eabi/11.3.1/../../../../arm-none-eabi/lib/thumb/v7e-m+fp/hard/crt0.o (memset)
C:/ST/STM32CubeIDE_1.13.2/STM32CubeIDE/plugins/com.st.stm32cube.ide.mcu.externaltools.gnu-tools-for-stm32.11.3.rel1.win32_1.1.100.202309141235/tools/bin/../lib/gcc/arm-none-eabi/11.3.1/../../../../arm-none-eabi/lib/thumb/v7e-m+fp/hard\libc_nano.a(libc_a-closer.o)
                              C:/ST/STM32CubeIDE_1.13.2/STM32CubeIDE/plugins/com.st.stm32cube.ide.mcu.externaltools.gnu-tools-for-stm32.11.3.rel1.win32_1.1.100.202309141235/tools/bin/../lib/gcc/arm-none-eabi/11.3.1/../../../../arm-none-eabi/lib/thumb/v7e-m+fp/hard\libc_nano.a(libc_a-stdio.o) (_close_r)
C:/ST/STM32CubeIDE_1.13.2/STM32CubeIDE/plugins/com.st.stm32cube.ide.mcu.externaltools.gnu-tools-for-stm32.11.3.rel1.win32_1.1.100.202309141235/tools/bin/../lib/gcc/arm-none-eabi/11.3.1/../../../../arm-none-eabi/lib/thumb/v7e-m+fp/hard\libc_nano.a(libc_a-reent.o)
                              C:/ST/STM32CubeIDE_1.13.2/STM32CubeIDE/plugins/com.st.stm32cube.ide.mcu.externaltools.gnu-tools-for-stm32.11.3.rel1.win32_1.1.100.202309141235/tools/bin/../lib/gcc/arm-none-eabi/11.3.1/../../../../arm-none-eabi/lib/thumb/v7e-m+fp/hard\libc_nano.a(libc_a-closer.o) (errno)
C:/ST/STM32CubeIDE_1.13.2/STM32CubeIDE/plugins/com.st.stm32cube.ide.mcu.externaltools.gnu-tools-for-stm32.11.3.rel1.win32_1.1.100.202309141235/tools/bin/../lib/gcc/arm-none-eabi/11.3.1/../../../../arm-none-eabi/lib/thumb/v7e-m+fp/hard\libc_nano.a(libc_a-impure.o)
                              C:/ST/STM32CubeIDE_1.13.2/STM32CubeIDE/plugins/com.st.stm32cube.ide.mcu.externaltools.gnu-tools-for-stm32.11.3.rel1.win32_1.1.100.202309141235/tools/bin/../lib/gcc/arm-none-eabi/11.3.1/../../../../arm-none-eabi/lib/thumb/v7e-m+fp/hard\libc_nano.a(libc_a-vsprintf.o) (_impure_ptr)
[...]
Memory Configuration

Name             Origin             Length             Attributes
CCMRAM           0x0000000010000000 0x0000000000010000 xrw
RAM              0x0000000020000000 0x0000000000020000 xrw
FLASH            0x0000000008000000 0x0000000000080000 xr
*default*        0x0000000000000000 0xffffffffffffffff

Linker script and memory map

LOAD C:/ST/STM32CubeIDE_1.13.2/STM32CubeIDE/plugins/com.st.stm32cube.ide.mcu.externaltools.gnu-tools-for-stm32.11.3.rel1.win32_1.1.100.202309141235/tools/bin/../lib/gcc/arm-none-eabi/11.3.1/thumb/v7e-m+fp/hard/crti.o
LOAD C:/ST/STM32CubeIDE_1.13.2/STM32CubeIDE/plugins/com.st.stm32cube.ide.mcu.externaltools.gnu-tools-for-stm32.11.3.rel1.win32_1.1.100.202309141235/tools/bin/../lib/gcc/arm-none-eabi/11.3.1/thumb/v7e-m+fp/hard/crtbegin.o
LOAD C:/ST/STM32CubeIDE_1.13.2/STM32CubeIDE/plugins/com.st.stm32cube.ide.mcu.externaltools.gnu-tools-for-stm32.11.3.rel1.win32_1.1.100.202309141235/tools/bin/../lib/gcc/arm-none-eabi/11.3.1/../../../../arm-none-eabi/lib/thumb/v7e-m+fp/hard/crt0.o
LOAD ./Core/Src/ILI9341_Touchscreen.o
LOAD ./Core/Src/STLogo.o
LOAD ./Core/Src/font12.o
LOAD ./Core/Src/font16.o
LOAD ./Core/Src/font20.o
LOAD ./Core/Src/font24.o
LOAD ./Core/Src/font8.o
LOAD ./Core/Src/fsmc.o
LOAD ./Core/Src/gpio.o
LOAD ./Core/Src/ili9341.o
LOAD ./Core/Src/main.o
LOAD ./Core/Src/rtc.o
LOAD ./Core/Src/spi.o
LOAD ./Core/Src/stm32f4xx_hal_msp.o
LOAD ./Core/Src/stm32f4xx_it.o
LOAD ./Core/Src/syscalls.o
LOAD ./Core/Src/sysmem.o
LOAD ./Core/Src/system_stm32f4xx.o
LOAD ./Core/Src/usart.o
LOAD ./Core/Startup/startup_stm32f407vetx.o
LOAD ./Drivers/STM32F4xx_HAL_Driver/Src/stm32f4xx_hal.o
LOAD ./Drivers/STM32F4xx_HAL_Driver/Src/stm32f4xx_hal_cortex.o
LOAD ./Drivers/STM32F4xx_HAL_Driver/Src/stm32f4xx_hal_dma.o
LOAD ./Drivers/STM32F4xx_HAL_Driver/Src/stm32f4xx_hal_dma_ex.o
LOAD ./Drivers/STM32F4xx_HAL_Driver/Src/stm32f4xx_hal_exti.o
LOAD ./Drivers/STM32F4xx_HAL_Driver/Src/stm32f4xx_hal_flash.o
LOAD ./Drivers/STM32F4xx_HAL_Driver/Src/stm32f4xx_hal_flash_ex.o
LOAD ./Drivers/STM32F4xx_HAL_Driver/Src/stm32f4xx_hal_flash_ramfunc.o
LOAD ./Drivers/STM32F4xx_HAL_Driver/Src/stm32f4xx_hal_gpio.o
LOAD ./Drivers/STM32F4xx_HAL_Driver/Src/stm32f4xx_hal_pcd.o
LOAD ./Drivers/STM32F4xx_HAL_Driver/Src/stm32f4xx_hal_pcd_ex.o
LOAD ./Drivers/STM32F4xx_HAL_Driver/Src/stm32f4xx_hal_pwr.o
LOAD ./Drivers/STM32F4xx_HAL_Driver/Src/stm32f4xx_hal_pwr_ex.o
LOAD ./Drivers/STM32F4xx_HAL_Driver/Src/stm32f4xx_hal_rcc.o
LOAD ./Drivers/STM32F4xx_HAL_Driver/Src/stm32f4xx_hal_rcc_ex.o
LOAD ./Drivers/STM32F4xx_HAL_Driver/Src/stm32f4xx_hal_rtc.o
LOAD ./Drivers/STM32F4xx_HAL_Driver/Src/stm32f4xx_hal_rtc_ex.o
LOAD ./Drivers/STM32F4xx_HAL_Driver/Src/stm32f4xx_hal_spi.o
LOAD ./Drivers/STM32F4xx_HAL_Driver/Src/stm32f4xx_hal_sram.o
LOAD ./Drivers/STM32F4xx_HAL_Driver/Src/stm32f4xx_hal_tim.o
LOAD ./Drivers/STM32F4xx_HAL_Driver/Src/stm32f4xx_hal_tim_ex.o
LOAD ./Drivers/STM32F4xx_HAL_Driver/Src/stm32f4xx_hal_uart.o
LOAD ./Drivers/STM32F4xx_HAL_Driver/Src/stm32f4xx_ll_fsmc.o
LOAD ./Drivers/STM32F4xx_HAL_Driver/Src/stm32f4xx_ll_usb.o
LOAD ./Middlewares/ST/STM32_USB_Device_Library/Class/CDC/Src/usbd_cdc.o
LOAD ./Middlewares/ST/STM32_USB_Device_Library/Core/Src/usbd_core.o
LOAD ./Middlewares/ST/STM32_USB_Device_Library/Core/Src/usbd_ctlreq.o
LOAD ./Middlewares/ST/STM32_USB_Device_Library/Core/Src/usbd_ioreq.o
LOAD ./USB_DEVICE/App/usb_device.o
LOAD ./USB_DEVICE/App/usbd_cdc_if.o
LOAD ./USB_DEVICE/App/usbd_desc.o
LOAD ./USB_DEVICE/Target/usbd_conf.o
START GROUP
LOAD C:/ST/STM32CubeIDE_1.13.2/STM32CubeIDE/plugins/com.st.stm32cube.ide.mcu.externaltools.gnu-tools-for-stm32.11.3.rel1.win32_1.1.100.202309141235/tools/bin/../lib/gcc/arm-none-eabi/11.3.1/../../../../arm-none-eabi/lib/thumb/v7e-m+fp/hard\libstdc++_nano.a
LOAD C:/ST/STM32CubeIDE_1.13.2/STM32CubeIDE/plugins/com.st.stm32cube.ide.mcu.externaltools.gnu-tools-for-stm32.11.3.rel1.win32_1.1.100.202309141235/tools/bin/../lib/gcc/arm-none-eabi/11.3.1/../../../../arm-none-eabi/lib/thumb/v7e-m+fp/hard\libsupc++_nano.a
END GROUP
LOAD C:/ST/STM32CubeIDE_1.13.2/STM32CubeIDE/plugins/com.st.stm32cube.ide.mcu.externaltools.gnu-tools-for-stm32.11.3.rel1.win32_1.1.100.202309141235/tools/bin/../lib/gcc/arm-none-eabi/11.3.1/../../../../arm-none-eabi/lib/thumb/v7e-m+fp/hard\libstdc++_nano.a
LOAD C:/ST/STM32CubeIDE_1.13.2/STM32CubeIDE/plugins/com.st.stm32cube.ide.mcu.externaltools.gnu-tools-for-stm32.11.3.rel1.win32_1.1.100.202309141235/tools/bin/../lib/gcc/arm-none-eabi/11.3.1/../../../../arm-none-eabi/lib/thumb/v7e-m+fp/hard\libm.a
LOAD C:/ST/STM32CubeIDE_1.13.2/STM32CubeIDE/plugins/com.st.stm32cube.ide.mcu.externaltools.gnu-tools-for-stm32.11.3.rel1.win32_1.1.100.202309141235/tools/bin/../lib/gcc/arm-none-eabi/11.3.1/../../../../arm-none-eabi/lib/thumb/v7e-m+fp/hard\libc_nano.a
START GROUP
LOAD C:/ST/STM32CubeIDE_1.13.2/STM32CubeIDE/plugins/com.st.stm32cube.ide.mcu.externaltools.gnu-tools-for-stm32.11.3.rel1.win32_1.1.100.202309141235/tools/bin/../lib/gcc/arm-none-eabi/11.3.1/thumb/v7e-m+fp/hard\libgcc.a
LOAD C:/ST/STM32CubeIDE_1.13.2/STM32CubeIDE/plugins/com.st.stm32cube.ide.mcu.externaltools.gnu-tools-for-stm32.11.3.rel1.win32_1.1.100.202309141235/tools/bin/../lib/gcc/arm-none-eabi/11.3.1/../../../../arm-none-eabi/lib/thumb/v7e-m+fp/hard\libc_nano.a
END GROUP
START GROUP
LOAD C:/ST/STM32CubeIDE_1.13.2/STM32CubeIDE/plugins/com.st.stm32cube.ide.mcu.externaltools.gnu-tools-for-stm32.11.3.rel1.win32_1.1.100.202309141235/tools/bin/../lib/gcc/arm-none-eabi/11.3.1/thumb/v7e-m+fp/hard\libgcc.a
LOAD C:/ST/STM32CubeIDE_1.13.2/STM32CubeIDE/plugins/com.st.stm32cube.ide.mcu.externaltools.gnu-tools-for-stm32.11.3.rel1.win32_1.1.100.202309141235/tools/bin/../lib/gcc/arm-none-eabi/11.3.1/../../../../arm-none-eabi/lib/thumb/v7e-m+fp/hard\libc_nano.a
LOAD C:/ST/STM32CubeIDE_1.13.2/STM32CubeIDE/plugins/com.st.stm32cube.ide.mcu.externaltools.gnu-tools-for-stm32.11.3.rel1.win32_1.1.100.202309141235/tools/bin/../lib/gcc/arm-none-eabi/11.3.1/../../../../arm-none-eabi/lib/thumb/v7e-m+fp/hard\libnosys.a
END GROUP
START GROUP
LOAD C:/ST/STM32CubeIDE_1.13.2/STM32CubeIDE/plugins/com.st.stm32cube.ide.mcu.externaltools.gnu-tools-for-stm32.11.3.rel1.win32_1.1.100.202309141235/tools/bin/../lib/gcc/arm-none-eabi/11.3.1/thumb/v7e-m+fp/hard\libgcc.a
LOAD C:/ST/STM32CubeIDE_1.13.2/STM32CubeIDE/plugins/com.st.stm32cube.ide.mcu.externaltools.gnu-tools-for-stm32.11.3.rel1.win32_1.1.100.202309141235/tools/bin/../lib/gcc/arm-none-eabi/11.3.1/../../../../arm-none-eabi/lib/thumb/v7e-m+fp/hard\libc_nano.a
LOAD C:/ST/STM32CubeIDE_1.13.2/STM32CubeIDE/plugins/com.st.stm32cube.ide.mcu.externaltools.gnu-tools-for-stm32.11.3.rel1.win32_1.1.100.202309141235/tools/bin/../lib/gcc/arm-none-eabi/11.3.1/../../../../arm-none-eabi/lib/thumb/v7e-m+fp/hard\libnosys.a
END GROUP
LOAD C:/ST/STM32CubeIDE_1.13.2/STM32CubeIDE/plugins/com.st.stm32cube.ide.mcu.externaltools.gnu-tools-for-stm32.11.3.rel1.win32_1.1.100.202309141235/tools/bin/../lib/gcc/arm-none-eabi/11.3.1/thumb/v7e-m+fp/hard/crtend.o
LOAD C:/ST/STM32CubeIDE_1.13.2/STM32CubeIDE/plugins/com.st.stm32cube.ide.mcu.externaltools.gnu-tools-for-stm32.11.3.rel1.win32_1.1.100.202309141235/tools/bin/../lib/gcc/arm-none-eabi/11.3.1/thumb/v7e-m+fp/hard/crtn.o
                0x0000000020020000                _estack = (ORIGIN (RAM) + LENGTH (RAM))
                0x0000000000000200                _Min_Heap_Size = 0x200
                0x0000000000000400                _Min_Stack_Size = 0x400

.isr_vector     0x0000000008000000      0x188
                0x0000000008000000                . = ALIGN (0x4)
 *(.isr_vector)
 .isr_vector    0x0000000008000000      0x188 ./Core/Startup/startup_stm32f407vetx.o
                0x0000000008000000                g_pfnVectors
                0x0000000008000188                . = ALIGN (0x4)

.text           0x0000000008000190     0xa0a4
                0x0000000008000190                . = ALIGN (0x4)
 *(.text)
 .text          0x0000000008000190       0x40 C:/ST/STM32CubeIDE_1.13.2/STM32CubeIDE/plugins/com.st.stm32cube.ide.mcu.externaltools.gnu-tools-for-stm32.11.3.rel1.win32_1.1.100.202309141235/tools/bin/../lib/gcc/arm-none-eabi/11.3.1/thumb/v7e-m+fp/hard/crtbegin.o
 .text          0x00000000080001d0       0xa0 C:/ST/STM32CubeIDE_1.13.2/STM32CubeIDE/plugins/com.st.stm32cube.ide.mcu.externaltools.gnu-tools-for-stm32.11.3.rel1.win32_1.1.100.202309141235/tools/bin/../lib/gcc/arm-none-eabi/11.3.1/../../../../arm-none-eabi/lib/thumb/v7e-m+fp/hard\libc_nano.a(libc_a-memchr.o)
                0x00000000080001d0                memchr
 .text          0x0000000008000270       0x30 C:/ST/STM32CubeIDE_1.13.2/STM32CubeIDE/plugins/com.st.stm32cube.ide.mcu.externaltools.gnu-tools-for-stm32.11.3.rel1.win32_1.1.100.202309141235/tools/bin/../lib/gcc/arm-none-eabi/11.3.1/thumb/v7e-m+fp/hard\libgcc.a(_aeabi_uldivmod.o)
                0x0000000008000270                __aeabi_uldivmod
 .text          0x00000000080002a0      0x2c8 C:/ST/STM32CubeIDE_1.13.2/STM32CubeIDE/plugins/com.st.stm32cube.ide.mcu.externaltools.gnu-tools-for-stm32.11.3.rel1.win32_1.1.100.202309141235/tools/bin/../lib/gcc/arm-none-eabi/11.3.1/thumb/v7e-m+fp/hard\libgcc.a(_udivmoddi4.o)
                0x00000000080002a0                __udivmoddi4
 .text          0x0000000008000568        0x4 C:/ST/STM32CubeIDE_1.13.2/STM32CubeIDE/plugins/com.st.stm32cube.ide.mcu.externaltools.gnu-tools-for-stm32.11.3.rel1.win32_1.1.100.202309141235/tools/bin/../lib/gcc/arm-none-eabi/11.3.1/thumb/v7e-m+fp/hard\libgcc.a(_dvmd_tls.o)
                0x0000000008000568                __aeabi_idiv0
                0x0000000008000568                __aeabi_ldiv0
 *(.text*)
 .text._ZL7TP_Readv
                0x000000000800056c       0x68 ./Core/Src/ILI9341_Touchscreen.o
 .text._ZL8TP_Writeh
                0x00000000080005d4       0x68 ./Core/Src/ILI9341_Touchscreen.o
 .text._Z19TP_Read_CoordinatesPt
                0x000000000800063c      0x194 ./Core/Src/ILI9341_Touchscreen.o
                0x000000000800063c                TP_Read_Coordinates(unsigned short*)
 .text._Z19TP_Touchpad_Pressedv
                0x00000000080007d0       0x2c ./Core/Src/ILI9341_Touchscreen.o
                0x00000000080007d0                TP_Touchpad_Pressed()
 .text.MX_FSMC_Init
                0x00000000080007fc       0xc0 ./Core/Src/fsmc.o
                0x00000000080007fc                MX_FSMC_Init
 .text.HAL_FSMC_MspInit
                0x00000000080008bc       0xb8 ./Core/Src/fsmc.o
 .text.HAL_SRAM_MspInit
                0x0000000008000974       0x14 ./Core/Src/fsmc.o
                0x0000000008000974                HAL_SRAM_MspInit
 .text.MX_GPIO_Init
                0x0000000008000988      0x1b8 ./Core/Src/gpio.o
                0x0000000008000988                MX_GPIO_Init
 .text._Z7lcdInitv
                0x0000000008000b40      0x2e8 ./Core/Src/ili9341.o
                0x0000000008000b40                lcdInit()
 .text._Z10lcdFillRGBt
                0x0000000008000e28       0x60 ./Core/Src/ili9341.o
                0x0000000008000e28                lcdFillRGB(unsigned short)
 .text._Z12lcdDrawPixelttt
                0x0000000008000e88       0x48 ./Core/Src/ili9341.o
                0x0000000008000e88                lcdDrawPixel(unsigned short, unsigned short, unsigned short)
 .text._Z11lcdDrawCharsshtt
                0x0000000008000ed0      0x154 ./Core/Src/ili9341.o
                0x0000000008000ed0                lcdDrawChar(short, short, unsigned char, unsigned short, unsigned short)
 .text._Z9lcdPrintfPKcz
                0x0000000008001024      0x11c ./Core/Src/ili9341.o
                0x0000000008001024                lcdPrintf(char const*, ...)
 .text._Z14lcdSetTextFontP6_tFont
                0x0000000008001140       0x20 ./Core/Src/ili9341.o
                0x0000000008001140                lcdSetTextFont(_tFont*)
 .text._Z15lcdSetTextColortt
                0x0000000008001160       0x2c ./Core/Src/ili9341.o
                0x0000000008001160                lcdSetTextColor(unsigned short, unsigned short)
 .text._Z17lcdSetOrientation21lcdOrientationTypeDef
                0x000000000800118c       0xdc ./Core/Src/ili9341.o
                0x000000000800118c                lcdSetOrientation(lcdOrientationTypeDef)
 .text._Z12lcdSetCursortt
                0x0000000008001268       0x34 ./Core/Src/ili9341.o
                0x0000000008001268                lcdSetCursor(unsigned short, unsigned short)
 .text._Z12lcdSetWindowtttt
                0x000000000800129c       0x88 ./Core/Src/ili9341.o
                0x000000000800129c                lcdSetWindow(unsigned short, unsigned short, unsigned short, unsigned short)
 .text._Z12lcdGetHeightv
                0x0000000008001324       0x18 ./Core/Src/ili9341.o
                0x0000000008001324                lcdGetHeight()
 .text._Z14lcdGetTextFontv
                0x000000000800133c       0x18 ./Core/Src/ili9341.o
                0x000000000800133c                lcdGetTextFont()
 .text._ZL8lcdResetv
                0x0000000008001354       0x14 ./Core/Src/ili9341.o
 .text._ZL15lcdWriteCommandh
                0x0000000008001368       0x20 ./Core/Src/ili9341.o
 .text._ZL12lcdWriteDatat
                0x0000000008001388       0x20 ./Core/Src/ili9341.o
 .text._ZL33lcdBuildMemoryAccessControlConfigbbbbbb
                0x00000000080013a8       0x82 ./Core/Src/ili9341.o
 *fill*         0x000000000800142a        0x2 
 .text.main     0x000000000800142c      0x10c ./Core/Src/main.o
                0x000000000800142c                main
 .text._Z18SystemClock_Configv
                0x0000000008001538       0xec ./Core/Src/main.o
                0x0000000008001538                SystemClock_Config()
 .text._Z8testTextv
                0x0000000008001624       0x68 ./Core/Src/main.o
                0x0000000008001624                testText()
 .text.Error_Handler
                0x000000000800168c        0xa ./Core/Src/main.o
                0x000000000800168c                Error_Handler
 *fill*         0x0000000008001696        0x2 
 .text.MX_RTC_Init
                0x0000000008001698       0x4c ./Core/Src/rtc.o
                0x0000000008001698                MX_RTC_Init
 .text.HAL_RTC_MspInit
                0x00000000080016e4       0x54 ./Core/Src/rtc.o
                0x00000000080016e4                HAL_RTC_MspInit
 .text.MX_SPI1_Init
                0x0000000008001738       0x6c ./Core/Src/spi.o
                0x0000000008001738                MX_SPI1_Init
 .text.HAL_SPI_MspInit
                0x00000000080017a4       0xa0 ./Core/Src/spi.o
                0x00000000080017a4                HAL_SPI_MspInit
 .text.HAL_MspInit
                0x0000000008001844       0x50 ./Core/Src/stm32f4xx_hal_msp.o
                0x0000000008001844                HAL_MspInit
 .text.NMI_Handler
                0x0000000008001894        0x6 ./Core/Src/stm32f4xx_it.o
                0x0000000008001894                NMI_Handler
 .text.HardFault_Handler
                0x000000000800189a        0x6 ./Core/Src/stm32f4xx_it.o
                0x000000000800189a                HardFault_Handler
 .text.MemManage_Handler
                0x00000000080018a0        0x6 ./Core/Src/stm32f4xx_it.o
                0x00000000080018a0                MemManage_Handler
 .text.BusFault_Handler
                0x00000000080018a6        0x6 ./Core/Src/stm32f4xx_it.o
                0x00000000080018a6                BusFault_Handler
 .text.UsageFault_Handler
                0x00000000080018ac        0x6 ./Core/Src/stm32f4xx_it.o
                0x00000000080018ac                UsageFault_Handler
 .text.SVC_Handler
                0x00000000080018b2        0xe ./Core/Src/stm32f4xx_it.o
                0x00000000080018b2                SVC_Handler
 .text.DebugMon_Handler
                0x00000000080018c0        0xe ./Core/Src/stm32f4xx_it.o
                0x00000000080018c0                DebugMon_Handler
 .text.PendSV_Handler
                0x00000000080018ce        0xe ./Core/Src/stm32f4xx_it.o
                0x00000000080018ce                PendSV_Handler
 .text.SysTick_Handler
                0x00000000080018dc        0xc ./Core/Src/stm32f4xx_it.o
                0x00000000080018dc                SysTick_Handler
 .text.SPI1_IRQHandler
                0x00000000080018e8       0x14 ./Core/Src/stm32f4xx_it.o
                0x00000000080018e8                SPI1_IRQHandler
 .text.USART1_IRQHandler
                0x00000000080018fc       0x14 ./Core/Src/stm32f4xx_it.o
                0x00000000080018fc                USART1_IRQHandler
 .text.OTG_FS_IRQHandler
                0x0000000008001910       0x14 ./Core/Src/stm32f4xx_it.o
                0x0000000008001910                OTG_FS_IRQHandler
 .text._sbrk    0x0000000008001924       0x6c ./Core/Src/sysmem.o
                0x0000000008001924                _sbrk
 .text.SystemInit
                0x0000000008001990       0x24 ./Core/Src/system_stm32f4xx.o
                0x0000000008001990                SystemInit
 .text.MX_USART1_UART_Init
                0x00000000080019b4       0x54 ./Core/Src/usart.o
                0x00000000080019b4                MX_USART1_UART_Init
 .text.HAL_UART_MspInit
                0x0000000008001a08       0xa0 ./Core/Src/usart.o
                0x0000000008001a08                HAL_UART_MspInit
 .text.Reset_Handler
                0x0000000008001aa8       0x50 ./Core/Startup/startup_stm32f407vetx.o
                0x0000000008001aa8                Reset_Handler
 .text.Default_Handler
                0x0000000008001af8        0x2 ./Core/Startup/startup_stm32f407vetx.o
                0x0000000008001af8                RTC_Alarm_IRQHandler
                0x0000000008001af8                HASH_RNG_IRQHandler
                0x0000000008001af8                EXTI2_IRQHandler
                0x0000000008001af8                TIM8_CC_IRQHandler
                0x0000000008001af8                TIM1_CC_IRQHandler
                0x0000000008001af8                DMA2_Stream5_IRQHandler
                0x0000000008001af8                DMA1_Stream5_IRQHandler
                0x0000000008001af8                PVD_IRQHandler
                0x0000000008001af8                SDIO_IRQHandler
                0x0000000008001af8                TAMP_STAMP_IRQHandler
                0x0000000008001af8                CAN2_RX1_IRQHandler
                0x0000000008001af8                EXTI3_IRQHandler
                0x0000000008001af8                TIM8_TRG_COM_TIM14_IRQHandler
                0x0000000008001af8                TIM1_UP_TIM10_IRQHandler
                0x0000000008001af8                TIM8_UP_TIM13_IRQHandler
                0x0000000008001af8                I2C3_ER_IRQHandler
                0x0000000008001af8                EXTI0_IRQHandler
                0x0000000008001af8                I2C2_EV_IRQHandler
                0x0000000008001af8                DMA1_Stream2_IRQHandler
                0x0000000008001af8                CAN1_RX0_IRQHandler
                0x0000000008001af8                FPU_IRQHandler
                0x0000000008001af8                OTG_HS_WKUP_IRQHandler
                0x0000000008001af8                CAN2_SCE_IRQHandler
                0x0000000008001af8                DMA2_Stream2_IRQHandler
                0x0000000008001af8                TIM6_DAC_IRQHandler
                0x0000000008001af8                TIM1_BRK_TIM9_IRQHandler
                0x0000000008001af8                DCMI_IRQHandler
                0x0000000008001af8                CAN2_RX0_IRQHandler
                0x0000000008001af8                DMA2_Stream3_IRQHandler
                0x0000000008001af8                USART6_IRQHandler
                0x0000000008001af8                USART3_IRQHandler
                0x0000000008001af8                CAN1_RX1_IRQHandler
                0x0000000008001af8                UART5_IRQHandler
                0x0000000008001af8                DMA2_Stream0_IRQHandler
                0x0000000008001af8                TIM4_IRQHandler
                0x0000000008001af8                I2C1_EV_IRQHandler
                0x0000000008001af8                DMA1_Stream6_IRQHandler
                0x0000000008001af8                DMA1_Stream1_IRQHandler
                0x0000000008001af8                UART4_IRQHandler
                0x0000000008001af8                TIM3_IRQHandler
                0x0000000008001af8                RCC_IRQHandler
                0x0000000008001af8                TIM8_BRK_TIM12_IRQHandler
                0x0000000008001af8                Default_Handler
                0x0000000008001af8                EXTI15_10_IRQHandler
                0x0000000008001af8                ADC_IRQHandler
                0x0000000008001af8                DMA1_Stream7_IRQHandler
                0x0000000008001af8                TIM7_IRQHandler
                0x0000000008001af8                CAN2_TX_IRQHandler
                0x0000000008001af8                TIM5_IRQHandler
                0x0000000008001af8                DMA2_Stream7_IRQHandler
                0x0000000008001af8                I2C3_EV_IRQHandler
                0x0000000008001af8                EXTI9_5_IRQHandler
                0x0000000008001af8                RTC_WKUP_IRQHandler
                0x0000000008001af8                ETH_WKUP_IRQHandler
                0x0000000008001af8                SPI2_IRQHandler
                0x0000000008001af8                OTG_HS_EP1_IN_IRQHandler
                0x0000000008001af8                DMA1_Stream0_IRQHandler
                0x0000000008001af8                CAN1_TX_IRQHandler
                0x0000000008001af8                EXTI4_IRQHandler
                0x0000000008001af8                FSMC_IRQHandler
                0x0000000008001af8                ETH_IRQHandler
                0x0000000008001af8                OTG_HS_EP1_OUT_IRQHandler
                0x0000000008001af8                WWDG_IRQHandler
                0x0000000008001af8                TIM2_IRQHandler
                0x0000000008001af8                OTG_FS_WKUP_IRQHandler
                0x0000000008001af8                TIM1_TRG_COM_TIM11_IRQHandler
                0x0000000008001af8                OTG_HS_IRQHandler
                0x0000000008001af8                EXTI1_IRQHandler
                0x0000000008001af8                USART2_IRQHandler
                0x0000000008001af8                I2C2_ER_IRQHandler
                0x0000000008001af8                DMA2_Stream1_IRQHandler
                0x0000000008001af8                CAN1_SCE_IRQHandler
                0x0000000008001af8                FLASH_IRQHandler
                0x0000000008001af8                DMA2_Stream4_IRQHandler
                0x0000000008001af8                SPI3_IRQHandler
                0x0000000008001af8                DMA1_Stream4_IRQHandler
                0x0000000008001af8                I2C1_ER_IRQHandler
                0x0000000008001af8                DMA2_Stream6_IRQHandler
                0x0000000008001af8                DMA1_Stream3_IRQHandler
 *fill*         0x0000000008001afa        0x2 
 .text.HAL_Init
                0x0000000008001afc       0x44 ./Drivers/STM32F4xx_HAL_Driver/Src/stm32f4xx_hal.o
                0x0000000008001afc                HAL_Init
 .text.HAL_InitTick
                0x0000000008001b40       0x60 ./Drivers/STM32F4xx_HAL_Driver/Src/stm32f4xx_hal.o
                0x0000000008001b40                HAL_InitTick
 .text.HAL_IncTick
                0x0000000008001ba0       0x28 ./Drivers/STM32F4xx_HAL_Driver/Src/stm32f4xx_hal.o
                0x0000000008001ba0                HAL_IncTick
 .text.HAL_GetTick
                0x0000000008001bc8       0x18 ./Drivers/STM32F4xx_HAL_Driver/Src/stm32f4xx_hal.o
                0x0000000008001bc8                HAL_GetTick
 .text.HAL_Delay
                0x0000000008001be0       0x48 ./Drivers/STM32F4xx_HAL_Driver/Src/stm32f4xx_hal.o
                0x0000000008001be0                HAL_Delay
 .text.__NVIC_SetPriorityGrouping
                0x0000000008001c28       0x48 ./Drivers/STM32F4xx_HAL_Driver/Src/stm32f4xx_hal_cortex.o
 .text.__NVIC_GetPriorityGrouping
                0x0000000008001c70       0x1c ./Drivers/STM32F4xx_HAL_Driver/Src/stm32f4xx_hal_cortex.o
 .text.__NVIC_EnableIRQ
                0x0000000008001c8c       0x3c ./Drivers/STM32F4xx_HAL_Driver/Src/stm32f4xx_hal_cortex.o
 .text.__NVIC_SetPriority
                0x0000000008001cc8       0x54 ./Drivers/STM32F4xx_HAL_Driver/Src/stm32f4xx_hal_cortex.o
 .text.NVIC_EncodePriority
                0x0000000008001d1c       0x66 ./Drivers/STM32F4xx_HAL_Driver/Src/stm32f4xx_hal_cortex.o
 *fill*         0x0000000008001d82        0x2 
 .text.SysTick_Config
                0x0000000008001d84       0x44 ./Drivers/STM32F4xx_HAL_Driver/Src/stm32f4xx_hal_cortex.o
 .text.HAL_NVIC_SetPriorityGrouping
                0x0000000008001dc8       0x16 ./Drivers/STM32F4xx_HAL_Driver/Src/stm32f4xx_hal_cortex.o
                0x0000000008001dc8                HAL_NVIC_SetPriorityGrouping
 .text.HAL_NVIC_SetPriority
                0x0000000008001dde       0x38 ./Drivers/STM32F4xx_HAL_Driver/Src/stm32f4xx_hal_cortex.o
                0x0000000008001dde                HAL_NVIC_SetPriority
 .text.HAL_NVIC_EnableIRQ
                0x0000000008001e16       0x1c ./Drivers/STM32F4xx_HAL_Driver/Src/stm32f4xx_hal_cortex.o
                0x0000000008001e16                HAL_NVIC_EnableIRQ
 .text.HAL_SYSTICK_Config
                0x0000000008001e32       0x18 ./Drivers/STM32F4xx_HAL_Driver/Src/stm32f4xx_hal_cortex.o
                0x0000000008001e32                HAL_SYSTICK_Config
 .text.HAL_DMA_Abort
                0x0000000008001e4a       0xe0 ./Drivers/STM32F4xx_HAL_Driver/Src/stm32f4xx_hal_dma.o
                0x0000000008001e4a                HAL_DMA_Abort
 .text.HAL_DMA_Abort_IT
                0x0000000008001f2a       0x44 ./Drivers/STM32F4xx_HAL_Driver/Src/stm32f4xx_hal_dma.o
                0x0000000008001f2a                HAL_DMA_Abort_IT
 *fill*         0x0000000008001f6e        0x2 
 .text.HAL_GPIO_Init
                0x0000000008001f70      0x338 ./Drivers/STM32F4xx_HAL_Driver/Src/stm32f4xx_hal_gpio.o
                0x0000000008001f70                HAL_GPIO_Init
 .text.HAL_GPIO_ReadPin
                0x00000000080022a8       0x30 ./Drivers/STM32F4xx_HAL_Driver/Src/stm32f4xx_hal_gpio.o
                0x00000000080022a8                HAL_GPIO_ReadPin
 .text.HAL_GPIO_WritePin
                0x00000000080022d8       0x32 ./Drivers/STM32F4xx_HAL_Driver/Src/stm32f4xx_hal_gpio.o
                0x00000000080022d8                HAL_GPIO_WritePin
 .text.HAL_PCD_Init
                0x000000000800230a      0x21e ./Drivers/STM32F4xx_HAL_Driver/Src/stm32f4xx_hal_pcd.o
                0x000000000800230a                HAL_PCD_Init
 .text.HAL_PCD_Start
                0x0000000008002528       0x6a ./Drivers/STM32F4xx_HAL_Driver/Src/stm32f4xx_hal_pcd.o
                0x0000000008002528                HAL_PCD_Start
 .text.HAL_PCD_IRQHandler
                0x0000000008002592      0x942 ./Drivers/STM32F4xx_HAL_Driver/Src/stm32f4xx_hal_pcd.o
                0x0000000008002592                HAL_PCD_IRQHandler
 .text.HAL_PCD_SetAddress
                0x0000000008002ed4       0x48 ./Drivers/STM32F4xx_HAL_Driver/Src/stm32f4xx_hal_pcd.o
                0x0000000008002ed4                HAL_PCD_SetAddress
 .text.HAL_PCD_EP_Open
                0x0000000008002f1c       0xd0 ./Drivers/STM32F4xx_HAL_Driver/Src/stm32f4xx_hal_pcd.o
                0x0000000008002f1c                HAL_PCD_EP_Open
 .text.HAL_PCD_EP_Close
                0x0000000008002fec       0x94 ./Drivers/STM32F4xx_HAL_Driver/Src/stm32f4xx_hal_pcd.o
                0x0000000008002fec                HAL_PCD_EP_Close
 .text.HAL_PCD_EP_Receive
                0x0000000008003080       0x76 ./Drivers/STM32F4xx_HAL_Driver/Src/stm32f4xx_hal_pcd.o
                0x0000000008003080                HAL_PCD_EP_Receive
 .text.HAL_PCD_EP_GetRxCount
                0x00000000080030f6       0x30 ./Drivers/STM32F4xx_HAL_Driver/Src/stm32f4xx_hal_pcd.o
                0x00000000080030f6                HAL_PCD_EP_GetRxCount
 .text.HAL_PCD_EP_Transmit
                0x0000000008003126       0x74 ./Drivers/STM32F4xx_HAL_Driver/Src/stm32f4xx_hal_pcd.o
                0x0000000008003126                HAL_PCD_EP_Transmit
 .text.HAL_PCD_EP_SetStall
                0x000000000800319a       0xc6 ./Drivers/STM32F4xx_HAL_Driver/Src/stm32f4xx_hal_pcd.o
                0x000000000800319a                HAL_PCD_EP_SetStall
 .text.HAL_PCD_EP_ClrStall
                0x0000000008003260       0xac ./Drivers/STM32F4xx_HAL_Driver/Src/stm32f4xx_hal_pcd.o
                0x0000000008003260                HAL_PCD_EP_ClrStall
 .text.HAL_PCD_EP_Abort
                0x000000000800330c       0x62 ./Drivers/STM32F4xx_HAL_Driver/Src/stm32f4xx_hal_pcd.o
                0x000000000800330c                HAL_PCD_EP_Abort
 .text.PCD_WriteEmptyTxFifo
                0x000000000800336e      0x118 ./Drivers/STM32F4xx_HAL_Driver/Src/stm32f4xx_hal_pcd.o
 *fill*         0x0000000008003486        0x2 
 .text.PCD_EP_OutXfrComplete_int
                0x0000000008003488      0x1d0 ./Drivers/STM32F4xx_HAL_Driver/Src/stm32f4xx_hal_pcd.o
 .text.PCD_EP_OutSetupPacket_int
                0x0000000008003658       0x8c ./Drivers/STM32F4xx_HAL_Driver/Src/stm32f4xx_hal_pcd.o
 .text.HAL_PCDEx_SetTxFiFo
                0x00000000080036e4       0x8e ./Drivers/STM32F4xx_HAL_Driver/Src/stm32f4xx_hal_pcd_ex.o
                0x00000000080036e4                HAL_PCDEx_SetTxFiFo
 .text.HAL_PCDEx_SetRxFiFo
                0x0000000008003772       0x22 ./Drivers/STM32F4xx_HAL_Driver/Src/stm32f4xx_hal_pcd_ex.o
                0x0000000008003772                HAL_PCDEx_SetRxFiFo
 .text.HAL_PCDEx_LPM_Callback
                0x0000000008003794       0x18 ./Drivers/STM32F4xx_HAL_Driver/Src/stm32f4xx_hal_pcd_ex.o
                0x0000000008003794                HAL_PCDEx_LPM_Callback
 .text.HAL_RCC_OscConfig
                0x00000000080037ac      0x4f0 ./Drivers/STM32F4xx_HAL_Driver/Src/stm32f4xx_hal_rcc.o
                0x00000000080037ac                HAL_RCC_OscConfig
 .text.HAL_RCC_ClockConfig
                0x0000000008003c9c      0x1cc ./Drivers/STM32F4xx_HAL_Driver/Src/stm32f4xx_hal_rcc.o
                0x0000000008003c9c                HAL_RCC_ClockConfig
 .text.HAL_RCC_GetSysClockFreq
                0x0000000008003e68      0x20c ./Drivers/STM32F4xx_HAL_Driver/Src/stm32f4xx_hal_rcc.o
                0x0000000008003e68                HAL_RCC_GetSysClockFreq
 .text.HAL_RCC_GetHCLKFreq
                0x0000000008004074       0x18 ./Drivers/STM32F4xx_HAL_Driver/Src/stm32f4xx_hal_rcc.o
                0x0000000008004074                HAL_RCC_GetHCLKFreq
 .text.HAL_RCC_GetPCLK1Freq
                0x000000000800408c       0x28 ./Drivers/STM32F4xx_HAL_Driver/Src/stm32f4xx_hal_rcc.o
                0x000000000800408c                HAL_RCC_GetPCLK1Freq
 .text.HAL_RCC_GetPCLK2Freq
                0x00000000080040b4       0x28 ./Drivers/STM32F4xx_HAL_Driver/Src/stm32f4xx_hal_rcc.o
                0x00000000080040b4                HAL_RCC_GetPCLK2Freq
 .text.HAL_RCCEx_PeriphCLKConfig
                0x00000000080040dc      0x1c4 ./Drivers/STM32F4xx_HAL_Driver/Src/stm32f4xx_hal_rcc_ex.o
                0x00000000080040dc                HAL_RCCEx_PeriphCLKConfig
 .text.HAL_RTC_Init
                0x00000000080042a0      0x106 ./Drivers/STM32F4xx_HAL_Driver/Src/stm32f4xx_hal_rtc.o
                0x00000000080042a0                HAL_RTC_Init
 .text.HAL_RTC_GetTime
                0x00000000080043a6       0xbc ./Drivers/STM32F4xx_HAL_Driver/Src/stm32f4xx_hal_rtc.o
                0x00000000080043a6                HAL_RTC_GetTime
 *fill*         0x0000000008004462        0x2 
 .text.HAL_RTC_WaitForSynchro
                0x0000000008004464       0x4c ./Drivers/STM32F4xx_HAL_Driver/Src/stm32f4xx_hal_rtc.o
                0x0000000008004464                HAL_RTC_WaitForSynchro
 .text.RTC_EnterInitMode
                0x00000000080044b0       0x6e ./Drivers/STM32F4xx_HAL_Driver/Src/stm32f4xx_hal_rtc.o
                0x00000000080044b0                RTC_EnterInitMode
 .text.RTC_ExitInitMode
                0x000000000800451e       0x4a ./Drivers/STM32F4xx_HAL_Driver/Src/stm32f4xx_hal_rtc.o
                0x000000000800451e                RTC_ExitInitMode
 .text.RTC_Bcd2ToByte
                0x0000000008004568       0x3c ./Drivers/STM32F4xx_HAL_Driver/Src/stm32f4xx_hal_rtc.o
                0x0000000008004568                RTC_Bcd2ToByte
 .text.HAL_SPI_Init
                0x00000000080045a4      0x112 ./Drivers/STM32F4xx_HAL_Driver/Src/stm32f4xx_hal_spi.o
                0x00000000080045a4                HAL_SPI_Init
 *fill*         0x00000000080046b6        0x2 
 .text.HAL_SPI_IRQHandler
                0x00000000080046b8      0x1e8 ./Drivers/STM32F4xx_HAL_Driver/Src/stm32f4xx_hal_spi.o
                0x00000000080046b8                HAL_SPI_IRQHandler
 .text.HAL_SPI_ErrorCallback
                0x00000000080048a0       0x14 ./Drivers/STM32F4xx_HAL_Driver/Src/stm32f4xx_hal_spi.o
                0x00000000080048a0                HAL_SPI_ErrorCallback
 .text.SPI_DMAAbortOnError
                0x00000000080048b4       0x28 ./Drivers/STM32F4xx_HAL_Driver/Src/stm32f4xx_hal_spi.o
 .text.HAL_SRAM_Init
                0x00000000080048dc       0x90 ./Drivers/STM32F4xx_HAL_Driver/Src/stm32f4xx_hal_sram.o
                0x00000000080048dc                HAL_SRAM_Init
 .text.HAL_UART_Init
                0x000000000800496c       0xa0 ./Drivers/STM32F4xx_HAL_Driver/Src/stm32f4xx_hal_uart.o
                0x000000000800496c                HAL_UART_Init
 .text.HAL_UART_IRQHandler
                0x0000000008004a0c      0x524 ./Drivers/STM32F4xx_HAL_Driver/Src/stm32f4xx_hal_uart.o
                0x0000000008004a0c                HAL_UART_IRQHandler
 .text.HAL_UART_TxCpltCallback
                0x0000000008004f30       0x14 ./Drivers/STM32F4xx_HAL_Driver/Src/stm32f4xx_hal_uart.o
                0x0000000008004f30                HAL_UART_TxCpltCallback
 .text.HAL_UART_RxCpltCallback
                0x0000000008004f44       0x14 ./Drivers/STM32F4xx_HAL_Driver/Src/stm32f4xx_hal_uart.o
                0x0000000008004f44                HAL_UART_RxCpltCallback
 .text.HAL_UART_ErrorCallback
                0x0000000008004f58       0x14 ./Drivers/STM32F4xx_HAL_Driver/Src/stm32f4xx_hal_uart.o
                0x0000000008004f58                HAL_UART_ErrorCallback
 .text.HAL_UARTEx_RxEventCallback
                0x0000000008004f6c       0x18 ./Drivers/STM32F4xx_HAL_Driver/Src/stm32f4xx_hal_uart.o
                0x0000000008004f6c                HAL_UARTEx_RxEventCallback
 .text.UART_EndRxTransfer
                0x0000000008004f84       0xc6 ./Drivers/STM32F4xx_HAL_Driver/Src/stm32f4xx_hal_uart.o
 .text.UART_DMAAbortOnError
                0x000000000800504a       0x28 ./Drivers/STM32F4xx_HAL_Driver/Src/stm32f4xx_hal_uart.o
 .text.UART_Transmit_IT
                0x0000000008005072       0xa0 ./Drivers/STM32F4xx_HAL_Driver/Src/stm32f4xx_hal_uart.o
 .text.UART_EndTransmit_IT
                0x0000000008005112       0x30 ./Drivers/STM32F4xx_HAL_Driver/Src/stm32f4xx_hal_uart.o
 .text.UART_Receive_IT
                0x0000000008005142      0x17c ./Drivers/STM32F4xx_HAL_Driver/Src/stm32f4xx_hal_uart.o
 *fill*         0x00000000080052be        0x2 
 .text.UART_SetConfig
                0x00000000080052c0      0x4e8 ./Drivers/STM32F4xx_HAL_Driver/Src/stm32f4xx_hal_uart.o
 .text.FSMC_NORSRAM_Init
                0x00000000080057a8       0xd4 ./Drivers/STM32F4xx_HAL_Driver/Src/stm32f4xx_ll_fsmc.o
                0x00000000080057a8                FSMC_NORSRAM_Init
 .text.FSMC_NORSRAM_Timing_Init
                0x000000000800587c       0x6a ./Drivers/STM32F4xx_HAL_Driver/Src/stm32f4xx_ll_fsmc.o
                0x000000000800587c                FSMC_NORSRAM_Timing_Init
 *fill*         0x00000000080058e6        0x2 
 .text.FSMC_NORSRAM_Extended_Timing_Init
                0x00000000080058e8       0x70 ./Drivers/STM32F4xx_HAL_Driver/Src/stm32f4xx_ll_fsmc.o
                0x00000000080058e8                FSMC_NORSRAM_Extended_Timing_Init
 .text.USB_CoreInit
                0x0000000008005958       0xc8 ./Drivers/STM32F4xx_HAL_Driver/Src/stm32f4xx_ll_usb.o
                0x0000000008005958                USB_CoreInit
 .text.USB_SetTurnaroundTime
                0x0000000008005a20      0x144 ./Drivers/STM32F4xx_HAL_Driver/Src/stm32f4xx_ll_usb.o
                0x0000000008005a20                USB_SetTurnaroundTime
 .text.USB_EnableGlobalInt
                0x0000000008005b64       0x22 ./Drivers/STM32F4xx_HAL_Driver/Src/stm32f4xx_ll_usb.o
                0x0000000008005b64                USB_EnableGlobalInt
 .text.USB_DisableGlobalInt
                0x0000000008005b86       0x22 ./Drivers/STM32F4xx_HAL_Driver/Src/stm32f4xx_ll_usb.o
                0x0000000008005b86                USB_DisableGlobalInt
 .text.USB_SetCurrentMode
                0x0000000008005ba8       0x98 ./Drivers/STM32F4xx_HAL_Driver/Src/stm32f4xx_ll_usb.o
                0x0000000008005ba8                USB_SetCurrentMode
 .text.USB_DevInit
                0x0000000008005c40      0x2c8 ./Drivers/STM32F4xx_HAL_Driver/Src/stm32f4xx_ll_usb.o
                0x0000000008005c40                USB_DevInit
 .text.USB_FlushTxFifo
                0x0000000008005f08       0x64 ./Drivers/STM32F4xx_HAL_Driver/Src/stm32f4xx_ll_usb.o
                0x0000000008005f08                USB_FlushTxFifo
 .text.USB_FlushRxFifo
                0x0000000008005f6c       0x5c ./Drivers/STM32F4xx_HAL_Driver/Src/stm32f4xx_ll_usb.o
                0x0000000008005f6c                USB_FlushRxFifo
 .text.USB_SetDevSpeed
                0x0000000008005fc8       0x32 ./Drivers/STM32F4xx_HAL_Driver/Src/stm32f4xx_ll_usb.o
                0x0000000008005fc8                USB_SetDevSpeed
 .text.USB_GetDevSpeed
                0x0000000008005ffa       0x4a ./Drivers/STM32F4xx_HAL_Driver/Src/stm32f4xx_ll_usb.o
                0x0000000008005ffa                USB_GetDevSpeed
 .text.USB_ActivateEndpoint
                0x0000000008006044      0x10e ./Drivers/STM32F4xx_HAL_Driver/Src/stm32f4xx_ll_usb.o
                0x0000000008006044                USB_ActivateEndpoint
 *fill*         0x0000000008006152        0x2 
 .text.USB_DeactivateEndpoint
                0x0000000008006154      0x1b8 ./Drivers/STM32F4xx_HAL_Driver/Src/stm32f4xx_ll_usb.o
                0x0000000008006154                USB_DeactivateEndpoint
 .text.USB_EPStartXfer
                0x000000000800630c      0x530 ./Drivers/STM32F4xx_HAL_Driver/Src/stm32f4xx_ll_usb.o
                0x000000000800630c                USB_EPStartXfer
 .text.USB_EPStopXfer
                0x000000000800683c      0x154 ./Drivers/STM32F4xx_HAL_Driver/Src/stm32f4xx_ll_usb.o
                0x000000000800683c                USB_EPStopXfer
 .text.USB_WritePacket
                0x0000000008006990       0x7c ./Drivers/STM32F4xx_HAL_Driver/Src/stm32f4xx_ll_usb.o
                0x0000000008006990                USB_WritePacket
 .text.USB_ReadPacket
                0x0000000008006a0c       0xb0 ./Drivers/STM32F4xx_HAL_Driver/Src/stm32f4xx_ll_usb.o
                0x0000000008006a0c                USB_ReadPacket
 .text.USB_EPSetStall
                0x0000000008006abc       0xdc ./Drivers/STM32F4xx_HAL_Driver/Src/stm32f4xx_ll_usb.o
                0x0000000008006abc                USB_EPSetStall
 .text.USB_EPClearStall
                0x0000000008006b98       0xcc ./Drivers/STM32F4xx_HAL_Driver/Src/stm32f4xx_ll_usb.o
                0x0000000008006b98                USB_EPClearStall
 .text.USB_SetDevAddress
                0x0000000008006c64       0x4c ./Drivers/STM32F4xx_HAL_Driver/Src/stm32f4xx_ll_usb.o
                0x0000000008006c64                USB_SetDevAddress
 .text.USB_DevConnect
                0x0000000008006cb0       0x42 ./Drivers/STM32F4xx_HAL_Driver/Src/stm32f4xx_ll_usb.o
                0x0000000008006cb0                USB_DevConnect
 .text.USB_DevDisconnect
                0x0000000008006cf2       0x42 ./Drivers/STM32F4xx_HAL_Driver/Src/stm32f4xx_ll_usb.o
                0x0000000008006cf2                USB_DevDisconnect
 .text.USB_ReadInterrupts
                0x0000000008006d34       0x26 ./Drivers/STM32F4xx_HAL_Driver/Src/stm32f4xx_ll_usb.o
                0x0000000008006d34                USB_ReadInterrupts
 .text.USB_ReadDevAllOutEpInterrupt
                0x0000000008006d5a       0x34 ./Drivers/STM32F4xx_HAL_Driver/Src/stm32f4xx_ll_usb.o
                0x0000000008006d5a                USB_ReadDevAllOutEpInterrupt
 .text.USB_ReadDevAllInEpInterrupt
                0x0000000008006d8e       0x34 ./Drivers/STM32F4xx_HAL_Driver/Src/stm32f4xx_ll_usb.o
                0x0000000008006d8e                USB_ReadDevAllInEpInterrupt
 .text.USB_ReadDevOutEPInterrupt
                0x0000000008006dc2       0x3c ./Drivers/STM32F4xx_HAL_Driver/Src/stm32f4xx_ll_usb.o
                0x0000000008006dc2                USB_ReadDevOutEPInterrupt
 .text.USB_ReadDevInEPInterrupt
                0x0000000008006dfe       0x5c ./Drivers/STM32F4xx_HAL_Driver/Src/stm32f4xx_ll_usb.o
                0x0000000008006dfe                USB_ReadDevInEPInterrupt
 .text.USB_GetMode
                0x0000000008006e5a       0x1c ./Drivers/STM32F4xx_HAL_Driver/Src/stm32f4xx_ll_usb.o
                0x0000000008006e5a                USB_GetMode
 .text.USB_ActivateSetup
                0x0000000008006e76       0x46 ./Drivers/STM32F4xx_HAL_Driver/Src/stm32f4xx_ll_usb.o
                0x0000000008006e76                USB_ActivateSetup
 .text.USB_EP0_OutStart
                0x0000000008006ebc       0xbc ./Drivers/STM32F4xx_HAL_Driver/Src/stm32f4xx_ll_usb.o
                0x0000000008006ebc                USB_EP0_OutStart
 .text.USB_CoreReset
                0x0000000008006f78       0x62 ./Drivers/STM32F4xx_HAL_Driver/Src/stm32f4xx_ll_usb.o
 *fill*         0x0000000008006fda        0x2 
 .text.USBD_CDC_Init
                0x0000000008006fdc      0x1f0 ./Middlewares/ST/STM32_USB_Device_Library/Class/CDC/Src/usbd_cdc.o
 .text.USBD_CDC_DeInit
                0x00000000080071cc      0x104 ./Middlewares/ST/STM32_USB_Device_Library/Class/CDC/Src/usbd_cdc.o
 .text.USBD_CDC_Setup
                0x00000000080072d0      0x1b8 ./Middlewares/ST/STM32_USB_Device_Library/Class/CDC/Src/usbd_cdc.o
 .text.USBD_CDC_DataIn
                0x0000000008007488       0xfe ./Middlewares/ST/STM32_USB_Device_Library/Class/CDC/Src/usbd_cdc.o
 .text.USBD_CDC_DataOut
                0x0000000008007586       0x70 ./Middlewares/ST/STM32_USB_Device_Library/Class/CDC/Src/usbd_cdc.o
 .text.USBD_CDC_EP0_RxReady
                0x00000000080075f6       0x76 ./Middlewares/ST/STM32_USB_Device_Library/Class/CDC/Src/usbd_cdc.o
 .text.USBD_CDC_GetFSCfgDesc
                0x000000000800766c       0x70 ./Middlewares/ST/STM32_USB_Device_Library/Class/CDC/Src/usbd_cdc.o
 .text.USBD_CDC_GetHSCfgDesc
                0x00000000080076dc       0x70 ./Middlewares/ST/STM32_USB_Device_Library/Class/CDC/Src/usbd_cdc.o
 .text.USBD_CDC_GetOtherSpeedCfgDesc
                0x000000000800774c       0x70 ./Middlewares/ST/STM32_USB_Device_Library/Class/CDC/Src/usbd_cdc.o
 .text.USBD_CDC_GetDeviceQualifierDescriptor
                0x00000000080077bc       0x20 ./Middlewares/ST/STM32_USB_Device_Library/Class/CDC/Src/usbd_cdc.o
                0x00000000080077bc                USBD_CDC_GetDeviceQualifierDescriptor
 .text.USBD_CDC_RegisterInterface
                0x00000000080077dc       0x34 ./Middlewares/ST/STM32_USB_Device_Library/Class/CDC/Src/usbd_cdc.o
                0x00000000080077dc                USBD_CDC_RegisterInterface
 .text.USBD_CDC_SetTxBuffer
                0x0000000008007810       0x44 ./Middlewares/ST/STM32_USB_Device_Library/Class/CDC/Src/usbd_cdc.o
                0x0000000008007810                USBD_CDC_SetTxBuffer
 .text.USBD_CDC_SetRxBuffer
                0x0000000008007854       0x3a ./Middlewares/ST/STM32_USB_Device_Library/Class/CDC/Src/usbd_cdc.o
                0x0000000008007854                USBD_CDC_SetRxBuffer
 *fill*         0x000000000800788e        0x2 
 .text.USBD_CDC_ReceivePacket
                0x0000000008007890       0x6c ./Middlewares/ST/STM32_USB_Device_Library/Class/CDC/Src/usbd_cdc.o
                0x0000000008007890                USBD_CDC_ReceivePacket
 .text.USBD_Init
                0x00000000080078fc       0x60 ./Middlewares/ST/STM32_USB_Device_Library/Core/Src/usbd_core.o
                0x00000000080078fc                USBD_Init
 .text.USBD_RegisterClass
                0x000000000800795c       0x6c ./Middlewares/ST/STM32_USB_Device_Library/Core/Src/usbd_core.o
                0x000000000800795c                USBD_RegisterClass
 .text.USBD_Start
                0x00000000080079c8       0x18 ./Middlewares/ST/STM32_USB_Device_Library/Core/Src/usbd_core.o
                0x00000000080079c8                USBD_Start
 .text.USBD_RunTestMode
                0x00000000080079e0       0x16 ./Middlewares/ST/STM32_USB_Device_Library/Core/Src/usbd_core.o
                0x00000000080079e0                USBD_RunTestMode
 .text.USBD_SetClassConfig
                0x00000000080079f6       0x38 ./Middlewares/ST/STM32_USB_Device_Library/Core/Src/usbd_core.o
                0x00000000080079f6                USBD_SetClassConfig
 .text.USBD_ClrClassConfig
                0x0000000008007a2e       0x34 ./Middlewares/ST/STM32_USB_Device_Library/Core/Src/usbd_core.o
                0x0000000008007a2e                USBD_ClrClassConfig
 .text.USBD_LL_SetupStage
                0x0000000008007a62       0xaa ./Middlewares/ST/STM32_USB_Device_Library/Core/Src/usbd_core.o
                0x0000000008007a62                USBD_LL_SetupStage
 .text.USBD_LL_DataOutStage
                0x0000000008007b0c      0x166 ./Middlewares/ST/STM32_USB_Device_Library/Core/Src/usbd_core.o
                0x0000000008007b0c                USBD_LL_DataOutStage
 .text.USBD_LL_DataInStage
                0x0000000008007c72      0x164 ./Middlewares/ST/STM32_USB_Device_Library/Core/Src/usbd_core.o
                0x0000000008007c72                USBD_LL_DataInStage
 .text.USBD_LL_Reset
                0x0000000008007dd6       0xa4 ./Middlewares/ST/STM32_USB_Device_Library/Core/Src/usbd_core.o
                0x0000000008007dd6                USBD_LL_Reset
 .text.USBD_LL_SetSpeed
                0x0000000008007e7a       0x20 ./Middlewares/ST/STM32_USB_Device_Library/Core/Src/usbd_core.o
                0x0000000008007e7a                USBD_LL_SetSpeed
 .text.USBD_LL_Suspend
                0x0000000008007e9a       0x38 ./Middlewares/ST/STM32_USB_Device_Library/Core/Src/usbd_core.o
                0x0000000008007e9a                USBD_LL_Suspend
 .text.USBD_LL_Resume
                0x0000000008007ed2       0x30 ./Middlewares/ST/STM32_USB_Device_Library/Core/Src/usbd_core.o
                0x0000000008007ed2                USBD_LL_Resume
 .text.USBD_LL_SOF
                0x0000000008007f02       0x40 ./Middlewares/ST/STM32_USB_Device_Library/Core/Src/usbd_core.o
                0x0000000008007f02                USBD_LL_SOF
 .text.USBD_LL_IsoINIncomplete
                0x0000000008007f42       0x64 ./Middlewares/ST/STM32_USB_Device_Library/Core/Src/usbd_core.o
                0x0000000008007f42                USBD_LL_IsoINIncomplete
 .text.USBD_LL_IsoOUTIncomplete
                0x0000000008007fa6       0x64 ./Middlewares/ST/STM32_USB_Device_Library/Core/Src/usbd_core.o
                0x0000000008007fa6                USBD_LL_IsoOUTIncomplete
 .text.USBD_LL_DevConnected
                0x000000000800800a       0x16 ./Middlewares/ST/STM32_USB_Device_Library/Core/Src/usbd_core.o
                0x000000000800800a                USBD_LL_DevConnected
 .text.USBD_LL_DevDisconnected
                0x0000000008008020       0x46 ./Middlewares/ST/STM32_USB_Device_Library/Core/Src/usbd_core.o
                0x0000000008008020                USBD_LL_DevDisconnected
 .text.USBD_CoreFindIF
                0x0000000008008066       0x1a ./Middlewares/ST/STM32_USB_Device_Library/Core/Src/usbd_core.o
                0x0000000008008066                USBD_CoreFindIF
 .text.USBD_CoreFindEP
                0x0000000008008080       0x1a ./Middlewares/ST/STM32_USB_Device_Library/Core/Src/usbd_core.o
                0x0000000008008080                USBD_CoreFindEP
 .text.USBD_GetEpDesc
                0x000000000800809a       0x74 ./Middlewares/ST/STM32_USB_Device_Library/Core/Src/usbd_core.o
                0x000000000800809a                USBD_GetEpDesc
 .text.USBD_GetNextDesc
                0x000000000800810e       0x3a ./Middlewares/ST/STM32_USB_Device_Library/Core/Src/usbd_core.o
                0x000000000800810e                USBD_GetNextDesc
 .text.SWAPBYTE
                0x0000000008008148       0x3c ./Middlewares/ST/STM32_USB_Device_Library/Core/Src/usbd_ctlreq.o
 .text.USBD_StdDevReq
                0x0000000008008184       0xe4 ./Middlewares/ST/STM32_USB_Device_Library/Core/Src/usbd_ctlreq.o
                0x0000000008008184                USBD_StdDevReq
 .text.USBD_StdItfReq
                0x0000000008008268       0xd8 ./Middlewares/ST/STM32_USB_Device_Library/Core/Src/usbd_ctlreq.o
                0x0000000008008268                USBD_StdItfReq
 .text.USBD_StdEPReq
                0x0000000008008340      0x33a ./Middlewares/ST/STM32_USB_Device_Library/Core/Src/usbd_ctlreq.o
                0x0000000008008340                USBD_StdEPReq
 *fill*         0x000000000800867a        0x2 
 .text.USBD_GetDescriptor
                0x000000000800867c      0x2d4 ./Middlewares/ST/STM32_USB_Device_Library/Core/Src/usbd_ctlreq.o
 .text.USBD_SetAddress
                0x0000000008008950       0x88 ./Middlewares/ST/STM32_USB_Device_Library/Core/Src/usbd_ctlreq.o
 .text.USBD_SetConfig
                0x00000000080089d8      0x154 ./Middlewares/ST/STM32_USB_Device_Library/Core/Src/usbd_ctlreq.o
 .text.USBD_GetConfig
                0x0000000008008b2c       0x6c ./Middlewares/ST/STM32_USB_Device_Library/Core/Src/usbd_ctlreq.o
 .text.USBD_GetStatus
                0x0000000008008b98       0x68 ./Middlewares/ST/STM32_USB_Device_Library/Core/Src/usbd_ctlreq.o
 .text.USBD_SetFeature
                0x0000000008008c00       0x52 ./Middlewares/ST/STM32_USB_Device_Library/Core/Src/usbd_ctlreq.o
 .text.USBD_ClrFeature
                0x0000000008008c52       0x44 ./Middlewares/ST/STM32_USB_Device_Library/Core/Src/usbd_ctlreq.o
 .text.USBD_ParseSetupRequest
                0x0000000008008c96       0x74 ./Middlewares/ST/STM32_USB_Device_Library/Core/Src/usbd_ctlreq.o
                0x0000000008008c96                USBD_ParseSetupRequest
 .text.USBD_CtlError
                0x0000000008008d0a       0x22 ./Middlewares/ST/STM32_USB_Device_Library/Core/Src/usbd_ctlreq.o
                0x0000000008008d0a                USBD_CtlError
 .text.USBD_GetString
                0x0000000008008d2c       0x8c ./Middlewares/ST/STM32_USB_Device_Library/Core/Src/usbd_ctlreq.o
                0x0000000008008d2c                USBD_GetString
 .text.USBD_GetLen
                0x0000000008008db8       0x34 ./Middlewares/ST/STM32_USB_Device_Library/Core/Src/usbd_ctlreq.o
 .text.USBD_CtlSendData
                0x0000000008008dec       0x36 ./Middlewares/ST/STM32_USB_Device_Library/Core/Src/usbd_ioreq.o
                0x0000000008008dec                USBD_CtlSendData
 .text.USBD_CtlContinueSendData
                0x0000000008008e22       0x22 ./Middlewares/ST/STM32_USB_Device_Library/Core/Src/usbd_ioreq.o
                0x0000000008008e22                USBD_CtlContinueSendData
 .text.USBD_CtlPrepareRx
                0x0000000008008e44       0x3a ./Middlewares/ST/STM32_USB_Device_Library/Core/Src/usbd_ioreq.o
                0x0000000008008e44                USBD_CtlPrepareRx
 .text.USBD_CtlContinueRx
                0x0000000008008e7e       0x22 ./Middlewares/ST/STM32_USB_Device_Library/Core/Src/usbd_ioreq.o
                0x0000000008008e7e                USBD_CtlContinueRx
 .text.USBD_CtlSendStatus
                0x0000000008008ea0       0x26 ./Middlewares/ST/STM32_USB_Device_Library/Core/Src/usbd_ioreq.o
                0x0000000008008ea0                USBD_CtlSendStatus
 .text.USBD_CtlReceiveStatus
                0x0000000008008ec6       0x26 ./Middlewares/ST/STM32_USB_Device_Library/Core/Src/usbd_ioreq.o
                0x0000000008008ec6                USBD_CtlReceiveStatus
 .text.MX_USB_DEVICE_Init
                0x0000000008008eec       0x60 ./USB_DEVICE/App/usb_device.o
                0x0000000008008eec                MX_USB_DEVICE_Init
 .text.CDC_Init_FS
                0x0000000008008f4c       0x28 ./USB_DEVICE/App/usbd_cdc_if.o
 .text.CDC_DeInit_FS
                0x0000000008008f74       0x10 ./USB_DEVICE/App/usbd_cdc_if.o
 .text.CDC_Control_FS
                0x0000000008008f84       0xbc ./USB_DEVICE/App/usbd_cdc_if.o
 .text.CDC_Receive_FS
                0x0000000008009040       0x28 ./USB_DEVICE/App/usbd_cdc_if.o
 .text.CDC_TransmitCplt_FS
                0x0000000008009068       0x22 ./USB_DEVICE/App/usbd_cdc_if.o
 *fill*         0x000000000800908a        0x2 
 .text.USBD_FS_DeviceDescriptor
                0x000000000800908c       0x24 ./USB_DEVICE/App/usbd_desc.o
                0x000000000800908c                USBD_FS_DeviceDescriptor
 .text.USBD_FS_LangIDStrDescriptor
                0x00000000080090b0       0x24 ./USB_DEVICE/App/usbd_desc.o
                0x00000000080090b0                USBD_FS_LangIDStrDescriptor
 .text.USBD_FS_ProductStrDescriptor
                0x00000000080090d4       0x3c ./USB_DEVICE/App/usbd_desc.o
                0x00000000080090d4                USBD_FS_ProductStrDescriptor
 .text.USBD_FS_ManufacturerStrDescriptor
                0x0000000008009110       0x28 ./USB_DEVICE/App/usbd_desc.o
                0x0000000008009110                USBD_FS_ManufacturerStrDescriptor
 .text.USBD_FS_SerialStrDescriptor
                0x0000000008009138       0x24 ./USB_DEVICE/App/usbd_desc.o
                0x0000000008009138                USBD_FS_SerialStrDescriptor
 .text.USBD_FS_ConfigStrDescriptor
                0x000000000800915c       0x3c ./USB_DEVICE/App/usbd_desc.o
                0x000000000800915c                USBD_FS_ConfigStrDescriptor
 .text.USBD_FS_InterfaceStrDescriptor
                0x0000000008009198       0x3c ./USB_DEVICE/App/usbd_desc.o
                0x0000000008009198                USBD_FS_InterfaceStrDescriptor
 .text.Get_SerialNum
                0x00000000080091d4       0x58 ./USB_DEVICE/App/usbd_desc.o
 .text.IntToUnicode
                0x000000000800922c       0x7e ./USB_DEVICE/App/usbd_desc.o
 *fill*         0x00000000080092aa        0x2 
 .text.HAL_PCD_MspInit
                0x00000000080092ac       0xa8 ./USB_DEVICE/Target/usbd_conf.o
                0x00000000080092ac                HAL_PCD_MspInit
 .text.HAL_PCD_SetupStageCallback
                0x0000000008009354       0x24 ./USB_DEVICE/Target/usbd_conf.o
                0x0000000008009354                HAL_PCD_SetupStageCallback
 .text.HAL_PCD_DataOutStageCallback
                0x0000000008009378       0x36 ./USB_DEVICE/Target/usbd_conf.o
                0x0000000008009378                HAL_PCD_DataOutStageCallback
 .text.HAL_PCD_DataInStageCallback
                0x00000000080093ae       0x34 ./USB_DEVICE/Target/usbd_conf.o
                0x00000000080093ae                HAL_PCD_DataInStageCallback
 .text.HAL_PCD_SOFCallback
                0x00000000080093e2       0x1c ./USB_DEVICE/Target/usbd_conf.o
                0x00000000080093e2                HAL_PCD_SOFCallback
 .text.HAL_PCD_ResetCallback
                0x00000000080093fe       0x50 ./USB_DEVICE/Target/usbd_conf.o
                0x00000000080093fe                HAL_PCD_ResetCallback
 *fill*         0x000000000800944e        0x2 
 .text.HAL_PCD_SuspendCallback
                0x0000000008009450       0x4c ./USB_DEVICE/Target/usbd_conf.o
                0x0000000008009450                HAL_PCD_SuspendCallback
 .text.HAL_PCD_ResumeCallback
                0x000000000800949c       0x1c ./USB_DEVICE/Target/usbd_conf.o
                0x000000000800949c                HAL_PCD_ResumeCallback
 .text.HAL_PCD_ISOOUTIncompleteCallback
                0x00000000080094b8       0x24 ./USB_DEVICE/Target/usbd_conf.o
                0x00000000080094b8                HAL_PCD_ISOOUTIncompleteCallback
 .text.HAL_PCD_ISOINIncompleteCallback
                0x00000000080094dc       0x24 ./USB_DEVICE/Target/usbd_conf.o
                0x00000000080094dc                HAL_PCD_ISOINIncompleteCallback
 .text.HAL_PCD_ConnectCallback
                0x0000000008009500       0x1c ./USB_DEVICE/Target/usbd_conf.o
                0x0000000008009500                HAL_PCD_ConnectCallback
 .text.HAL_PCD_DisconnectCallback
                0x000000000800951c       0x1c ./USB_DEVICE/Target/usbd_conf.o
                0x000000000800951c                HAL_PCD_DisconnectCallback
 .text.USBD_LL_Init
                0x0000000008009538       0x98 ./USB_DEVICE/Target/usbd_conf.o
                0x0000000008009538                USBD_LL_Init
 .text.USBD_LL_Start
                0x00000000080095d0       0x36 ./USB_DEVICE/Target/usbd_conf.o
                0x00000000080095d0                USBD_LL_Start
 .text.USBD_LL_OpenEP
                0x0000000008009606       0x4c ./USB_DEVICE/Target/usbd_conf.o
                0x0000000008009606                USBD_LL_OpenEP
 .text.USBD_LL_CloseEP
                0x0000000008009652       0x3e ./USB_DEVICE/Target/usbd_conf.o
                0x0000000008009652                USBD_LL_CloseEP
 .text.USBD_LL_StallEP
                0x0000000008009690       0x3e ./USB_DEVICE/Target/usbd_conf.o
                0x0000000008009690                USBD_LL_StallEP
 .text.USBD_LL_ClearStallEP
                0x00000000080096ce       0x3e ./USB_DEVICE/Target/usbd_conf.o
                0x00000000080096ce                USBD_LL_ClearStallEP
 .text.USBD_LL_IsStallEP
                0x000000000800970c       0x58 ./USB_DEVICE/Target/usbd_conf.o
                0x000000000800970c                USBD_LL_IsStallEP
 .text.USBD_LL_SetUSBAddress
                0x0000000008009764       0x3e ./USB_DEVICE/Target/usbd_conf.o
                0x0000000008009764                USBD_LL_SetUSBAddress
 .text.USBD_LL_Transmit
                0x00000000080097a2       0x42 ./USB_DEVICE/Target/usbd_conf.o
                0x00000000080097a2                USBD_LL_Transmit
 .text.USBD_LL_PrepareReceive
                0x00000000080097e4       0x42 ./USB_DEVICE/Target/usbd_conf.o
                0x00000000080097e4                USBD_LL_PrepareReceive
 .text.USBD_LL_GetRxDataSize
                0x0000000008009826       0x26 ./USB_DEVICE/Target/usbd_conf.o
                0x0000000008009826                USBD_LL_GetRxDataSize
 .text.USBD_static_malloc
                0x000000000800984c       0x1c ./USB_DEVICE/Target/usbd_conf.o
                0x000000000800984c                USBD_static_malloc
 .text.USBD_static_free
                0x0000000008009868       0x14 ./USB_DEVICE/Target/usbd_conf.o
                0x0000000008009868                USBD_static_free
 .text.USBD_Get_USB_Status
                0x000000000800987c       0x58 ./USB_DEVICE/Target/usbd_conf.o
                0x000000000800987c                USBD_Get_USB_Status
 .text._vsprintf_r
                0x00000000080098d4       0x2c C:/ST/STM32CubeIDE_1.13.2/STM32CubeIDE/plugins/com.st.stm32cube.ide.mcu.externaltools.gnu-tools-for-stm32.11.3.rel1.win32_1.1.100.202309141235/tools/bin/../lib/gcc/arm-none-eabi/11.3.1/../../../../arm-none-eabi/lib/thumb/v7e-m+fp/hard\libc_nano.a(libc_a-vsprintf.o)
                0x00000000080098d4                _vsprintf_r
                0x00000000080098d4                _vsiprintf_r
 .text.vsprintf
                0x0000000008009900       0x14 C:/ST/STM32CubeIDE_1.13.2/STM32CubeIDE/plugins/com.st.stm32cube.ide.mcu.externaltools.gnu-tools-for-stm32.11.3.rel1.win32_1.1.100.202309141235/tools/bin/../lib/gcc/arm-none-eabi/11.3.1/../../../../arm-none-eabi/lib/thumb/v7e-m+fp/hard\libc_nano.a(libc_a-vsprintf.o)
                0x0000000008009900                vsiprintf
                0x0000000008009900                vsprintf
 .text.memset   0x0000000008009914       0x10 C:/ST/STM32CubeIDE_1.13.2/STM32CubeIDE/plugins/com.st.stm32cube.ide.mcu.externaltools.gnu-tools-for-stm32.11.3.rel1.win32_1.1.100.202309141235/tools/bin/../lib/gcc/arm-none-eabi/11.3.1/../../../../arm-none-eabi/lib/thumb/v7e-m+fp/hard\libc_nano.a(libc_a-memset.o)
                0x0000000008009914                memset
 .text.__errno  0x0000000008009924        0xc C:/ST/STM32CubeIDE_1.13.2/STM32CubeIDE/plugins/com.st.stm32cube.ide.mcu.externaltools.gnu-tools-for-stm32.11.3.rel1.win32_1.1.100.202309141235/tools/bin/../lib/gcc/arm-none-eabi/11.3.1/../../../../arm-none-eabi/lib/thumb/v7e-m+fp/hard\libc_nano.a(libc_a-errno.o)
                0x0000000008009924                __errno
 .text.__libc_init_array
                0x0000000008009930       0x48 C:/ST/STM32CubeIDE_1.13.2/STM32CubeIDE/plugins/com.st.stm32cube.ide.mcu.externaltools.gnu-tools-for-stm32.11.3.rel1.win32_1.1.100.202309141235/tools/bin/../lib/gcc/arm-none-eabi/11.3.1/../../../../arm-none-eabi/lib/thumb/v7e-m+fp/hard\libc_nano.a(libc_a-init.o)
                0x0000000008009930                __libc_init_array
 .text.__retarget_lock_acquire_recursive
                0x0000000008009978        0x2 C:/ST/STM32CubeIDE_1.13.2/STM32CubeIDE/plugins/com.st.stm32cube.ide.mcu.externaltools.gnu-tools-for-stm32.11.3.rel1.win32_1.1.100.202309141235/tools/bin/../lib/gcc/arm-none-eabi/11.3.1/../../../../arm-none-eabi/lib/thumb/v7e-m+fp/hard\libc_nano.a(libc_a-lock.o)
                0x0000000008009978                __retarget_lock_acquire_recursive
 .text.__retarget_lock_release_recursive
                0x000000000800997a        0x2 C:/ST/STM32CubeIDE_1.13.2/STM32CubeIDE/plugins/com.st.stm32cube.ide.mcu.externaltools.gnu-tools-for-stm32.11.3.rel1.win32_1.1.100.202309141235/tools/bin/../lib/gcc/arm-none-eabi/11.3.1/../../../../arm-none-eabi/lib/thumb/v7e-m+fp/hard\libc_nano.a(libc_a-lock.o)
                0x000000000800997a                __retarget_lock_release_recursive
 .text._free_r  0x000000000800997c       0x98 C:/ST/STM32CubeIDE_1.13.2/STM32CubeIDE/plugins/com.st.stm32cube.ide.mcu.externaltools.gnu-tools-for-stm32.11.3.rel1.win32_1.1.100.202309141235/tools/bin/../lib/gcc/arm-none-eabi/11.3.1/../../../../arm-none-eabi/lib/thumb/v7e-m+fp/hard\libc_nano.a(libc_a-freer.o)
                0x000000000800997c                _free_r
 .text.sbrk_aligned
                0x0000000008009a14       0x40 C:/ST/STM32CubeIDE_1.13.2/STM32CubeIDE/plugins/com.st.stm32cube.ide.mcu.externaltools.gnu-tools-for-stm32.11.3.rel1.win32_1.1.100.202309141235/tools/bin/../lib/gcc/arm-none-eabi/11.3.1/../../../../arm-none-eabi/lib/thumb/v7e-m+fp/hard\libc_nano.a(libc_a-mallocr.o)
 .text._malloc_r
                0x0000000008009a54      0x100 C:/ST/STM32CubeIDE_1.13.2/STM32CubeIDE/plugins/com.st.stm32cube.ide.mcu.externaltools.gnu-tools-for-stm32.11.3.rel1.win32_1.1.100.202309141235/tools/bin/../lib/gcc/arm-none-eabi/11.3.1/../../../../arm-none-eabi/lib/thumb/v7e-m+fp/hard\libc_nano.a(libc_a-mallocr.o)
                0x0000000008009a54                _malloc_r
 .text.__malloc_lock
                0x0000000008009b54        0xc C:/ST/STM32CubeIDE_1.13.2/STM32CubeIDE/plugins/com.st.stm32cube.ide.mcu.externaltools.gnu-tools-for-stm32.11.3.rel1.win32_1.1.100.202309141235/tools/bin/../lib/gcc/arm-none-eabi/11.3.1/../../../../arm-none-eabi/lib/thumb/v7e-m+fp/hard\libc_nano.a(libc_a-mlock.o)
                0x0000000008009b54                __malloc_lock
 .text.__malloc_unlock
                0x0000000008009b60        0xc C:/ST/STM32CubeIDE_1.13.2/STM32CubeIDE/plugins/com.st.stm32cube.ide.mcu.externaltools.gnu-tools-for-stm32.11.3.rel1.win32_1.1.100.202309141235/tools/bin/../lib/gcc/arm-none-eabi/11.3.1/../../../../arm-none-eabi/lib/thumb/v7e-m+fp/hard\libc_nano.a(libc_a-mlock.o)
                0x0000000008009b60                __malloc_unlock
 .text.__ssputs_r
                0x0000000008009b6c       0xb4 C:/ST/STM32CubeIDE_1.13.2/STM32CubeIDE/plugins/com.st.stm32cube.ide.mcu.externaltools.gnu-tools-for-stm32.11.3.rel1.win32_1.1.100.202309141235/tools/bin/../lib/gcc/arm-none-eabi/11.3.1/../../../../arm-none-eabi/lib/thumb/v7e-m+fp/hard\libc_nano.a(libc_a-nano-svfprintf.o)
                0x0000000008009b6c                __ssputs_r
 .text._svfprintf_r
                0x0000000008009c20      0x1fc C:/ST/STM32CubeIDE_1.13.2/STM32CubeIDE/plugins/com.st.stm32cube.ide.mcu.externaltools.gnu-tools-for-stm32.11.3.rel1.win32_1.1.100.202309141235/tools/bin/../lib/gcc/arm-none-eabi/11.3.1/../../../../arm-none-eabi/lib/thumb/v7e-m+fp/hard\libc_nano.a(libc_a-nano-svfprintf.o)
                0x0000000008009c20                _svfiprintf_r
                0x0000000008009c20                _svfprintf_r
 .text._printf_common
                0x0000000008009e1c       0xda C:/ST/STM32CubeIDE_1.13.2/STM32CubeIDE/plugins/com.st.stm32cube.ide.mcu.externaltools.gnu-tools-for-stm32.11.3.rel1.win32_1.1.100.202309141235/tools/bin/../lib/gcc/arm-none-eabi/11.3.1/../../../../arm-none-eabi/lib/thumb/v7e-m+fp/hard\libc_nano.a(libc_a-nano-vfprintf_i.o)
                0x0000000008009e1c                _printf_common
 *fill*         0x0000000008009ef6        0x2 
 .text._printf_i
                0x0000000008009ef8      0x244 C:/ST/STM32CubeIDE_1.13.2/STM32CubeIDE/plugins/com.st.stm32cube.ide.mcu.externaltools.gnu-tools-for-stm32.11.3.rel1.win32_1.1.100.202309141235/tools/bin/../lib/gcc/arm-none-eabi/11.3.1/../../../../arm-none-eabi/lib/thumb/v7e-m+fp/hard\libc_nano.a(libc_a-nano-vfprintf_i.o)
                0x0000000008009ef8                _printf_i
 .text.memmove  0x000000000800a13c       0x34 C:/ST/STM32CubeIDE_1.13.2/STM32CubeIDE/plugins/com.st.stm32cube.ide.mcu.externaltools.gnu-tools-for-stm32.11.3.rel1.win32_1.1.100.202309141235/tools/bin/../lib/gcc/arm-none-eabi/11.3.1/../../../../arm-none-eabi/lib/thumb/v7e-m+fp/hard\libc_nano.a(libc_a-memmove.o)
                0x000000000800a13c                memmove
 .text._sbrk_r  0x000000000800a170       0x20 C:/ST/STM32CubeIDE_1.13.2/STM32CubeIDE/plugins/com.st.stm32cube.ide.mcu.externaltools.gnu-tools-for-stm32.11.3.rel1.win32_1.1.100.202309141235/tools/bin/../lib/gcc/arm-none-eabi/11.3.1/../../../../arm-none-eabi/lib/thumb/v7e-m+fp/hard\libc_nano.a(libc_a-sbrkr.o)
                0x000000000800a170                _sbrk_r
 .text.memcpy   0x000000000800a190       0x1c C:/ST/STM32CubeIDE_1.13.2/STM32CubeIDE/plugins/com.st.stm32cube.ide.mcu.externaltools.gnu-tools-for-stm32.11.3.rel1.win32_1.1.100.202309141235/tools/bin/../lib/gcc/arm-none-eabi/11.3.1/../../../../arm-none-eabi/lib/thumb/v7e-m+fp/hard\libc_nano.a(libc_a-memcpy-stub.o)
                0x000000000800a190                memcpy
 .text._realloc_r
                0x000000000800a1ac       0x5e C:/ST/STM32CubeIDE_1.13.2/STM32CubeIDE/plugins/com.st.stm32cube.ide.mcu.externaltools.gnu-tools-for-stm32.11.3.rel1.win32_1.1.100.202309141235/tools/bin/../lib/gcc/arm-none-eabi/11.3.1/../../../../arm-none-eabi/lib/thumb/v7e-m+fp/hard\libc_nano.a(libc_a-reallocr.o)
                0x000000000800a1ac                _realloc_r
 .text._malloc_usable_size_r
                0x000000000800a20a       0x10 C:/ST/STM32CubeIDE_1.13.2/STM32CubeIDE/plugins/com.st.stm32cube.ide.mcu.externaltools.gnu-tools-for-stm32.11.3.rel1.win32_1.1.100.202309141235/tools/bin/../lib/gcc/arm-none-eabi/11.3.1/../../../../arm-none-eabi/lib/thumb/v7e-m+fp/hard\libc_nano.a(libc_a-msizer.o)
                0x000000000800a20a                _malloc_usable_size_r
 *(.glue_7)
 .glue_7        0x000000000800a21a        0x0 linker stubs
 *(.glue_7t)
 .glue_7t       0x000000000800a21a        0x0 linker stubs
 *(.eh_frame)
 *fill*         0x000000000800a21a        0x2 
 .eh_frame      0x000000000800a21c        0x0 C:/ST/STM32CubeIDE_1.13.2/STM32CubeIDE/plugins/com.st.stm32cube.ide.mcu.externaltools.gnu-tools-for-stm32.11.3.rel1.win32_1.1.100.202309141235/tools/bin/../lib/gcc/arm-none-eabi/11.3.1/thumb/v7e-m+fp/hard/crtbegin.o
 *(.init)
 .init          0x000000000800a21c        0x4 C:/ST/STM32CubeIDE_1.13.2/STM32CubeIDE/plugins/com.st.stm32cube.ide.mcu.externaltools.gnu-tools-for-stm32.11.3.rel1.win32_1.1.100.202309141235/tools/bin/../lib/gcc/arm-none-eabi/11.3.1/thumb/v7e-m+fp/hard/crti.o
                0x000000000800a21c                _init
 .init          0x000000000800a220        0x8 C:/ST/STM32CubeIDE_1.13.2/STM32CubeIDE/plugins/com.st.stm32cube.ide.mcu.externaltools.gnu-tools-for-stm32.11.3.rel1.win32_1.1.100.202309141235/tools/bin/../lib/gcc/arm-none-eabi/11.3.1/thumb/v7e-m+fp/hard/crtn.o
 *(.fini)
 .fini          0x000000000800a228        0x4 C:/ST/STM32CubeIDE_1.13.2/STM32CubeIDE/plugins/com.st.stm32cube.ide.mcu.externaltools.gnu-tools-for-stm32.11.3.rel1.win32_1.1.100.202309141235/tools/bin/../lib/gcc/arm-none-eabi/11.3.1/thumb/v7e-m+fp/hard/crti.o
                0x000000000800a228                _fini
 .fini          0x000000000800a22c        0x8 C:/ST/STM32CubeIDE_1.13.2/STM32CubeIDE/plugins/com.st.stm32cube.ide.mcu.externaltools.gnu-tools-for-stm32.11.3.rel1.win32_1.1.100.202309141235/tools/bin/../lib/gcc/arm-none-eabi/11.3.1/thumb/v7e-m+fp/hard/crtn.o
                0x000000000800a234                . = ALIGN (0x4)
                0x000000000800a234                _etext = .

.vfp11_veneer   0x000000000800a234        0x0
 .vfp11_veneer  0x000000000800a234        0x0 linker stubs

.v4_bx          0x000000000800a234        0x0
 .v4_bx         0x000000000800a234        0x0 linker stubs

.iplt           0x000000000800a234        0x0
 .iplt          0x000000000800a234        0x0 C:/ST/STM32CubeIDE_1.13.2/STM32CubeIDE/plugins/com.st.stm32cube.ide.mcu.externaltools.gnu-tools-for-stm32.11.3.rel1.win32_1.1.100.202309141235/tools/bin/../lib/gcc/arm-none-eabi/11.3.1/thumb/v7e-m+fp/hard/crtbegin.o

.rodata         0x000000000800a234     0x2c00
                0x000000000800a234                . = ALIGN (0x4)
 *(.rodata)
 .rodata        0x000000000800a234       0x60 ./Core/Src/main.o
 .rodata        0x000000000800a294       0x46 ./USB_DEVICE/App/usbd_desc.o
 *(.rodata*)
 *fill*         0x000000000800a2da        0x2 
 .rodata.Font12_Table
                0x000000000800a2dc      0x474 ./Core/Src/font12.o
                0x000000000800a2dc                Font12_Table
 .rodata.Font16_Table
                0x000000000800a750      0xbe0 ./Core/Src/font16.o
                0x000000000800a750                Font16_Table
 .rodata.Font24_Table
                0x000000000800b330     0x1ab8 ./Core/Src/font24.o
                0x000000000800b330                Font24_Table
 .rodata.AHBPrescTable
                0x000000000800cde8       0x10 ./Core/Src/system_stm32f4xx.o
                0x000000000800cde8                AHBPrescTable
 .rodata.APBPrescTable
                0x000000000800cdf8        0x8 ./Core/Src/system_stm32f4xx.o
                0x000000000800cdf8                APBPrescTable
 .rodata._svfprintf_r.str1.1
                0x000000000800ce00       0x11 C:/ST/STM32CubeIDE_1.13.2/STM32CubeIDE/plugins/com.st.stm32cube.ide.mcu.externaltools.gnu-tools-for-stm32.11.3.rel1.win32_1.1.100.202309141235/tools/bin/../lib/gcc/arm-none-eabi/11.3.1/../../../../arm-none-eabi/lib/thumb/v7e-m+fp/hard\libc_nano.a(libc_a-nano-svfprintf.o)
 .rodata._printf_i.str1.1
                0x000000000800ce11       0x22 C:/ST/STM32CubeIDE_1.13.2/STM32CubeIDE/plugins/com.st.stm32cube.ide.mcu.externaltools.gnu-tools-for-stm32.11.3.rel1.win32_1.1.100.202309141235/tools/bin/../lib/gcc/arm-none-eabi/11.3.1/../../../../arm-none-eabi/lib/thumb/v7e-m+fp/hard\libc_nano.a(libc_a-nano-vfprintf_i.o)
                0x000000000800ce34                . = ALIGN (0x4)
 *fill*         0x000000000800ce33        0x1 

.ARM.extab      0x000000000800ce34        0x0
                0x000000000800ce34                . = ALIGN (0x4)
 *(.ARM.extab* .gnu.linkonce.armextab.*)
                0x000000000800ce34                . = ALIGN (0x4)

.ARM            0x000000000800ce34        0x8
                0x000000000800ce34                . = ALIGN (0x4)
                0x000000000800ce34                __exidx_start = .
 *(.ARM.exidx*)
 .ARM.exidx     0x000000000800ce34        0x8 C:/ST/STM32CubeIDE_1.13.2/STM32CubeIDE/plugins/com.st.stm32cube.ide.mcu.externaltools.gnu-tools-for-stm32.11.3.rel1.win32_1.1.100.202309141235/tools/bin/../lib/gcc/arm-none-eabi/11.3.1/thumb/v7e-m+fp/hard\libgcc.a(_udivmoddi4.o)
                0x000000000800ce3c                __exidx_end = .
                0x000000000800ce3c                . = ALIGN (0x4)

.rel.dyn        0x000000000800ce3c        0x0
 .rel.iplt      0x000000000800ce3c        0x0 C:/ST/STM32CubeIDE_1.13.2/STM32CubeIDE/plugins/com.st.stm32cube.ide.mcu.externaltools.gnu-tools-for-stm32.11.3.rel1.win32_1.1.100.202309141235/tools/bin/../lib/gcc/arm-none-eabi/11.3.1/thumb/v7e-m+fp/hard/crtbegin.o

.preinit_array  0x000000000800ce3c        0x0
                0x000000000800ce3c                . = ALIGN (0x4)
                0x000000000800ce3c                PROVIDE (__preinit_array_start = .)
 *(.preinit_array*)
                0x000000000800ce3c                PROVIDE (__preinit_array_end = .)
                0x000000000800ce3c                . = ALIGN (0x4)

.init_array     0x000000000800ce3c        0x4
                0x000000000800ce3c                . = ALIGN (0x4)
                0x000000000800ce3c                PROVIDE (__init_array_start = .)
 *(SORT_BY_NAME(.init_array.*))
 *(.init_array*)
 .init_array    0x000000000800ce3c        0x4 C:/ST/STM32CubeIDE_1.13.2/STM32CubeIDE/plugins/com.st.stm32cube.ide.mcu.externaltools.gnu-tools-for-stm32.11.3.rel1.win32_1.1.100.202309141235/tools/bin/../lib/gcc/arm-none-eabi/11.3.1/thumb/v7e-m+fp/hard/crtbegin.o
                0x000000000800ce40                PROVIDE (__init_array_end = .)
                0x000000000800ce40                . = ALIGN (0x4)

.fini_array     0x000000000800ce40        0x4
                0x000000000800ce40                . = ALIGN (0x4)
                [!provide]                        PROVIDE (__fini_array_start = .)
 *(SORT_BY_NAME(.fini_array.*))
 *(.fini_array*)
 .fini_array    0x000000000800ce40        0x4 C:/ST/STM32CubeIDE_1.13.2/STM32CubeIDE/plugins/com.st.stm32cube.ide.mcu.externaltools.gnu-tools-for-stm32.11.3.rel1.win32_1.1.100.202309141235/tools/bin/../lib/gcc/arm-none-eabi/11.3.1/thumb/v7e-m+fp/hard/crtbegin.o
                [!provide]                        PROVIDE (__fini_array_end = .)
                0x000000000800ce44                . = ALIGN (0x4)
                0x000000000800ce44                _sidata = LOADADDR (.data)

.data           0x0000000020000000      0x188 load address 0x000000000800ce44
                0x0000000020000000                . = ALIGN (0x4)
                0x0000000020000000                _sdata = .
 *(.data)
 *(.data*)
 .data.X_OFFSET
                0x0000000020000000        0x2 ./Core/Src/ILI9341_Touchscreen.o
                0x0000000020000000                X_OFFSET
 .data.Y_OFFSET
                0x0000000020000002        0x2 ./Core/Src/ILI9341_Touchscreen.o
                0x0000000020000002                Y_OFFSET
 .data.X_MAGNITUDE
                0x0000000020000004        0x4 ./Core/Src/ILI9341_Touchscreen.o
                0x0000000020000004                X_MAGNITUDE
 .data.Y_MAGNITUDE
                0x0000000020000008        0x4 ./Core/Src/ILI9341_Touchscreen.o
                0x0000000020000008                Y_MAGNITUDE
 .data.Font12   0x000000002000000c        0x8 ./Core/Src/font12.o
                0x000000002000000c                Font12
 .data.Font16   0x0000000020000014        0x8 ./Core/Src/font16.o
                0x0000000020000014                Font16
 .data.Font24   0x000000002000001c        0x8 ./Core/Src/font24.o
                0x000000002000001c                Font24
 .data._ZL13lcdProperties
                0x0000000020000024        0x8 ./Core/Src/ili9341.o
 .data._ZL7lcdFont
                0x000000002000002c       0x10 ./Core/Src/ili9341.o
 .data.SystemCoreClock
                0x000000002000003c        0x4 ./Core/Src/system_stm32f4xx.o
                0x000000002000003c                SystemCoreClock
 .data.uwTickPrio
                0x0000000020000040        0x4 ./Drivers/STM32F4xx_HAL_Driver/Src/stm32f4xx_hal.o
                0x0000000020000040                uwTickPrio
 .data.uwTickFreq
                0x0000000020000044        0x1 ./Drivers/STM32F4xx_HAL_Driver/Src/stm32f4xx_hal.o
                0x0000000020000044                uwTickFreq
 *fill*         0x0000000020000045        0x3 
 .data.USBD_CDC_DeviceQualifierDesc
                0x0000000020000048        0xa ./Middlewares/ST/STM32_USB_Device_Library/Class/CDC/Src/usbd_cdc.o
 *fill*         0x0000000020000052        0x2 
 .data.USBD_CDC
                0x0000000020000054       0x38 ./Middlewares/ST/STM32_USB_Device_Library/Class/CDC/Src/usbd_cdc.o
                0x0000000020000054                USBD_CDC
 .data.USBD_CDC_CfgDesc
                0x000000002000008c       0x43 ./Middlewares/ST/STM32_USB_Device_Library/Class/CDC/Src/usbd_cdc.o
 .data.CDCInEpAdd
                0x00000000200000cf        0x1 ./Middlewares/ST/STM32_USB_Device_Library/Class/CDC/Src/usbd_cdc.o
 .data.CDCOutEpAdd
                0x00000000200000d0        0x1 ./Middlewares/ST/STM32_USB_Device_Library/Class/CDC/Src/usbd_cdc.o
 .data.CDCCmdEpAdd
                0x00000000200000d1        0x1 ./Middlewares/ST/STM32_USB_Device_Library/Class/CDC/Src/usbd_cdc.o
 *fill*         0x00000000200000d2        0x2 
 .data.USBD_Interface_fops_FS
                0x00000000200000d4       0x14 ./USB_DEVICE/App/usbd_cdc_if.o
                0x00000000200000d4                USBD_Interface_fops_FS
 .data.FS_Desc  0x00000000200000e8       0x1c ./USB_DEVICE/App/usbd_desc.o
                0x00000000200000e8                FS_Desc
 .data.USBD_FS_DeviceDesc
                0x0000000020000104       0x12 ./USB_DEVICE/App/usbd_desc.o
                0x0000000020000104                USBD_FS_DeviceDesc
 *fill*         0x0000000020000116        0x2 
 .data.USBD_LangIDDesc
                0x0000000020000118        0x4 ./USB_DEVICE/App/usbd_desc.o
                0x0000000020000118                USBD_LangIDDesc
 .data.USBD_StringSerial
                0x000000002000011c       0x1a ./USB_DEVICE/App/usbd_desc.o
                0x000000002000011c                USBD_StringSerial
 *fill*         0x0000000020000136        0x2 
 .data._impure_data
                0x0000000020000138       0x4c C:/ST/STM32CubeIDE_1.13.2/STM32CubeIDE/plugins/com.st.stm32cube.ide.mcu.externaltools.gnu-tools-for-stm32.11.3.rel1.win32_1.1.100.202309141235/tools/bin/../lib/gcc/arm-none-eabi/11.3.1/../../../../arm-none-eabi/lib/thumb/v7e-m+fp/hard\libc_nano.a(libc_a-impure.o)
                0x0000000020000138                _impure_data
 .data._impure_ptr
                0x0000000020000184        0x4 C:/ST/STM32CubeIDE_1.13.2/STM32CubeIDE/plugins/com.st.stm32cube.ide.mcu.externaltools.gnu-tools-for-stm32.11.3.rel1.win32_1.1.100.202309141235/tools/bin/../lib/gcc/arm-none-eabi/11.3.1/../../../../arm-none-eabi/lib/thumb/v7e-m+fp/hard\libc_nano.a(libc_a-impure.o)
                0x0000000020000184                _impure_ptr
 *(.RamFunc)
 *(.RamFunc*)
                0x0000000020000188                . = ALIGN (0x4)
                0x0000000020000188                _edata = .
                0x000000000800cfcc                _siccmram = LOADADDR (.ccmram)

.igot.plt       0x0000000020000188        0x0 load address 0x000000000800cfcc
 .igot.plt      0x0000000020000188        0x0 C:/ST/STM32CubeIDE_1.13.2/STM32CubeIDE/plugins/com.st.stm32cube.ide.mcu.externaltools.gnu-tools-for-stm32.11.3.rel1.win32_1.1.100.202309141235/tools/bin/../lib/gcc/arm-none-eabi/11.3.1/thumb/v7e-m+fp/hard/crtbegin.o

.ccmram         0x0000000010000000        0x0 load address 0x000000000800cfcc
                0x0000000010000000                . = ALIGN (0x4)
                0x0000000010000000                _sccmram = .
 *(.ccmram)
 *(.ccmram*)
                0x0000000010000000                . = ALIGN (0x4)
                0x0000000010000000                _eccmram = .
                0x0000000010000000                . = ALIGN (0x4)

.bss            0x0000000020000188     0x1f80
                0x0000000020000188                _sbss = .
                0x0000000020000188                __bss_start__ = _sbss
 *(.bss)
 .bss           0x0000000020000188       0x1c C:/ST/STM32CubeIDE_1.13.2/STM32CubeIDE/plugins/com.st.stm32cube.ide.mcu.externaltools.gnu-tools-for-stm32.11.3.rel1.win32_1.1.100.202309141235/tools/bin/../lib/gcc/arm-none-eabi/11.3.1/thumb/v7e-m+fp/hard/crtbegin.o
 *(.bss*)
 .bss.hsram1    0x00000000200001a4       0x50 ./Core/Src/fsmc.o
                0x00000000200001a4                hsram1
 .bss.FSMC_Initialized
                0x00000000200001f4        0x4 ./Core/Src/fsmc.o
 .bss._ZL8cursorXY
                0x00000000200001f8        0x4 ./Core/Src/ili9341.o
 .bss._ZL17lcdPortraitConfig
                0x00000000200001fc        0x1 ./Core/Src/ili9341.o
 .bss._ZL18lcdLandscapeConfig
                0x00000000200001fd        0x1 ./Core/Src/ili9341.o
 .bss._ZL23lcdPortraitMirrorConfig
                0x00000000200001fe        0x1 ./Core/Src/ili9341.o
 .bss._ZL24lcdLandscapeMirrorConfig
                0x00000000200001ff        0x1 ./Core/Src/ili9341.o
 .bss._ZZ9lcdPrintfPKczE3buf
                0x0000000020000200      0x100 ./Core/Src/ili9341.o
 .bss.time      0x0000000020000300       0x14 ./Core/Src/main.o
                0x0000000020000300                time
 .bss.hrtc      0x0000000020000314       0x20 ./Core/Src/rtc.o
                0x0000000020000314                hrtc
 .bss.hspi1     0x0000000020000334       0x58 ./Core/Src/spi.o
                0x0000000020000334                hspi1
 .bss.__sbrk_heap_end
                0x000000002000038c        0x4 ./Core/Src/sysmem.o
 .bss.huart1    0x0000000020000390       0x48 ./Core/Src/usart.o
                0x0000000020000390                huart1
 .bss.uwTick    0x00000000200003d8        0x4 ./Drivers/STM32F4xx_HAL_Driver/Src/stm32f4xx_hal.o
                0x00000000200003d8                uwTick
 .bss.cfgidx.0  0x00000000200003dc        0x1 ./Middlewares/ST/STM32_USB_Device_Library/Core/Src/usbd_ctlreq.o
 *fill*         0x00000000200003dd        0x3 
 .bss.hUsbDeviceFS
                0x00000000200003e0      0x2dc ./USB_DEVICE/App/usb_device.o
                0x00000000200003e0                hUsbDeviceFS
 .bss.UserRxBufferFS
                0x00000000200006bc      0x800 ./USB_DEVICE/App/usbd_cdc_if.o
                0x00000000200006bc                UserRxBufferFS
 .bss.UserTxBufferFS
                0x0000000020000ebc      0x800 ./USB_DEVICE/App/usbd_cdc_if.o
                0x0000000020000ebc                UserTxBufferFS
 .bss.USBD_StrDesc
                0x00000000200016bc      0x200 ./USB_DEVICE/App/usbd_desc.o
                0x00000000200016bc                USBD_StrDesc
 .bss.hpcd_USB_OTG_FS
                0x00000000200018bc      0x4e4 ./USB_DEVICE/Target/usbd_conf.o
                0x00000000200018bc                hpcd_USB_OTG_FS
 .bss.mem.0     0x0000000020001da0      0x220 ./USB_DEVICE/Target/usbd_conf.o
 .bss.__sf      0x0000000020001fc0      0x138 C:/ST/STM32CubeIDE_1.13.2/STM32CubeIDE/plugins/com.st.stm32cube.ide.mcu.externaltools.gnu-tools-for-stm32.11.3.rel1.win32_1.1.100.202309141235/tools/bin/../lib/gcc/arm-none-eabi/11.3.1/../../../../arm-none-eabi/lib/thumb/v7e-m+fp/hard\libc_nano.a(libc_a-findfp.o)
                0x0000000020001fc0                __sf
 .bss.errno     0x00000000200020f8        0x4 C:/ST/STM32CubeIDE_1.13.2/STM32CubeIDE/plugins/com.st.stm32cube.ide.mcu.externaltools.gnu-tools-for-stm32.11.3.rel1.win32_1.1.100.202309141235/tools/bin/../lib/gcc/arm-none-eabi/11.3.1/../../../../arm-none-eabi/lib/thumb/v7e-m+fp/hard\libc_nano.a(libc_a-reent.o)
                0x00000000200020f8                errno
 .bss.__lock___malloc_recursive_mutex
                0x00000000200020fc        0x1 C:/ST/STM32CubeIDE_1.13.2/STM32CubeIDE/plugins/com.st.stm32cube.ide.mcu.externaltools.gnu-tools-for-stm32.11.3.rel1.win32_1.1.100.202309141235/tools/bin/../lib/gcc/arm-none-eabi/11.3.1/../../../../arm-none-eabi/lib/thumb/v7e-m+fp/hard\libc_nano.a(libc_a-lock.o)
                0x00000000200020fc                __lock___malloc_recursive_mutex
 *fill*         0x00000000200020fd        0x3 
 .bss.__malloc_free_list
                0x0000000020002100        0x4 C:/ST/STM32CubeIDE_1.13.2/STM32CubeIDE/plugins/com.st.stm32cube.ide.mcu.externaltools.gnu-tools-for-stm32.11.3.rel1.win32_1.1.100.202309141235/tools/bin/../lib/gcc/arm-none-eabi/11.3.1/../../../../arm-none-eabi/lib/thumb/v7e-m+fp/hard\libc_nano.a(libc_a-mallocr.o)
                0x0000000020002100                __malloc_free_list
 .bss.__malloc_sbrk_start
                0x0000000020002104        0x4 C:/ST/STM32CubeIDE_1.13.2/STM32CubeIDE/plugins/com.st.stm32cube.ide.mcu.externaltools.gnu-tools-for-stm32.11.3.rel1.win32_1.1.100.202309141235/tools/bin/../lib/gcc/arm-none-eabi/11.3.1/../../../../arm-none-eabi/lib/thumb/v7e-m+fp/hard\libc_nano.a(libc_a-mallocr.o)
                0x0000000020002104                __malloc_sbrk_start
 *(COMMON)
                0x0000000020002108                . = ALIGN (0x4)
                0x0000000020002108                _ebss = .
                0x0000000020002108                __bss_end__ = _ebss

._user_heap_stack
                0x0000000020002108      0x600
                0x0000000020002108                . = ALIGN (0x8)
                [!provide]                        PROVIDE (end = .)
                0x0000000020002108                PROVIDE (_end = .)
                0x0000000020002308                . = (. + _Min_Heap_Size)
 *fill*         0x0000000020002108      0x200 
                0x0000000020002708                . = (. + _Min_Stack_Size)
 *fill*         0x0000000020002308      0x400 
                0x0000000020002708                . = ALIGN (0x8)

/DISCARD/
 libc.a(*)
 libm.a(*)
 libgcc.a(*)

.ARM.attributes
                0x0000000000000000       0x30
 *(.ARM.attributes)
 .ARM.attributes
                0x0000000000000000       0x1e C:/ST/STM32CubeIDE_1.13.2/STM32CubeIDE/plugins/com.st.stm32cube.ide.mcu.externaltools.gnu-tools-for-stm32.11.3.rel1.win32_1.1.100.202309141235/tools/bin/../lib/gcc/arm-none-eabi/11.3.1/thumb/v7e-m+fp/hard/crti.o
 .ARM.attributes
                0x000000000000001e       0x34 C:/ST/STM32CubeIDE_1.13.2/STM32CubeIDE/plugins/com.st.stm32cube.ide.mcu.externaltools.gnu-tools-for-stm32.11.3.rel1.win32_1.1.100.202309141235/tools/bin/../lib/gcc/arm-none-eabi/11.3.1/thumb/v7e-m+fp/hard/crtbegin.o
 .ARM.attributes
                0x0000000000000052       0x34 ./Core/Src/ILI9341_Touchscreen.o
 .ARM.attributes
                0x0000000000000086       0x34 ./Core/Src/font12.o
 .ARM.attributes
                0x00000000000000ba       0x34 ./Core/Src/font16.o
 .ARM.attributes
                0x00000000000000ee       0x34 ./Core/Src/font24.o
 .ARM.attributes
                0x0000000000000122       0x34 ./Core/Src/fsmc.o
 .ARM.attributes
                0x0000000000000156       0x34 ./Core/Src/gpio.o
 .ARM.attributes
                0x000000000000018a       0x34 ./Core/Src/ili9341.o
 .ARM.attributes
                0x00000000000001be       0x34 ./Core/Src/main.o
 .ARM.attributes
                0x00000000000001f2       0x34 ./Core/Src/rtc.o
 .ARM.attributes
                0x0000000000000226       0x34 ./Core/Src/spi.o
 .ARM.attributes
                0x000000000000025a       0x34 ./Core/Src/stm32f4xx_hal_msp.o
 .ARM.attributes
                0x000000000000028e       0x34 ./Core/Src/stm32f4xx_it.o
 .ARM.attributes
                0x00000000000002c2       0x34 ./Core/Src/sysmem.o
 .ARM.attributes
                0x00000000000002f6       0x34 ./Core/Src/system_stm32f4xx.o
 .ARM.attributes
                0x000000000000032a       0x34 ./Core/Src/usart.o
 .ARM.attributes
                0x000000000000035e       0x21 ./Core/Startup/startup_stm32f407vetx.o
 .ARM.attributes
                0x000000000000037f       0x34 ./Drivers/STM32F4xx_HAL_Driver/Src/stm32f4xx_hal.o
 .ARM.attributes
                0x00000000000003b3       0x34 ./Drivers/STM32F4xx_HAL_Driver/Src/stm32f4xx_hal_cortex.o
 .ARM.attributes
                0x00000000000003e7       0x34 ./Drivers/STM32F4xx_HAL_Driver/Src/stm32f4xx_hal_dma.o
 .ARM.attributes
                0x000000000000041b       0x34 ./Drivers/STM32F4xx_HAL_Driver/Src/stm32f4xx_hal_gpio.o
 .ARM.attributes
                0x000000000000044f       0x34 ./Drivers/STM32F4xx_HAL_Driver/Src/stm32f4xx_hal_pcd.o
 .ARM.attributes
                0x0000000000000483       0x34 ./Drivers/STM32F4xx_HAL_Driver/Src/stm32f4xx_hal_pcd_ex.o
 .ARM.attributes
                0x00000000000004b7       0x34 ./Drivers/STM32F4xx_HAL_Driver/Src/stm32f4xx_hal_rcc.o
 .ARM.attributes
                0x00000000000004eb       0x34 ./Drivers/STM32F4xx_HAL_Driver/Src/stm32f4xx_hal_rcc_ex.o
 .ARM.attributes
                0x000000000000051f       0x34 ./Drivers/STM32F4xx_HAL_Driver/Src/stm32f4xx_hal_rtc.o
 .ARM.attributes
                0x0000000000000553       0x34 ./Drivers/STM32F4xx_HAL_Driver/Src/stm32f4xx_hal_spi.o
 .ARM.attributes
                0x0000000000000587       0x34 ./Drivers/STM32F4xx_HAL_Driver/Src/stm32f4xx_hal_sram.o
 .ARM.attributes
                0x00000000000005bb       0x34 ./Drivers/STM32F4xx_HAL_Driver/Src/stm32f4xx_hal_uart.o
 .ARM.attributes
                0x00000000000005ef       0x34 ./Drivers/STM32F4xx_HAL_Driver/Src/stm32f4xx_ll_fsmc.o
 .ARM.attributes
                0x0000000000000623       0x34 ./Drivers/STM32F4xx_HAL_Driver/Src/stm32f4xx_ll_usb.o
 .ARM.attributes
                0x0000000000000657       0x34 ./Middlewares/ST/STM32_USB_Device_Library/Class/CDC/Src/usbd_cdc.o
 .ARM.attributes
                0x000000000000068b       0x34 ./Middlewares/ST/STM32_USB_Device_Library/Core/Src/usbd_core.o
 .ARM.attributes
                0x00000000000006bf       0x34 ./Middlewares/ST/STM32_USB_Device_Library/Core/Src/usbd_ctlreq.o
 .ARM.attributes
                0x00000000000006f3       0x34 ./Middlewares/ST/STM32_USB_Device_Library/Core/Src/usbd_ioreq.o
 .ARM.attributes
                0x0000000000000727       0x34 ./USB_DEVICE/App/usb_device.o
 .ARM.attributes
                0x000000000000075b       0x34 ./USB_DEVICE/App/usbd_cdc_if.o
 .ARM.attributes
                0x000000000000078f       0x34 ./USB_DEVICE/App/usbd_desc.o
 .ARM.attributes
                0x00000000000007c3       0x34 ./USB_DEVICE/Target/usbd_conf.o
 .ARM.attributes
                0x00000000000007f7       0x34 C:/ST/STM32CubeIDE_1.13.2/STM32CubeIDE/plugins/com.st.stm32cube.ide.mcu.externaltools.gnu-tools-for-stm32.11.3.rel1.win32_1.1.100.202309141235/tools/bin/../lib/gcc/arm-none-eabi/11.3.1/../../../../arm-none-eabi/lib/thumb/v7e-m+fp/hard\libc_nano.a(libc_a-findfp.o)
 .ARM.attributes
                0x000000000000082b       0x34 C:/ST/STM32CubeIDE_1.13.2/STM32CubeIDE/plugins/com.st.stm32cube.ide.mcu.externaltools.gnu-tools-for-stm32.11.3.rel1.win32_1.1.100.202309141235/tools/bin/../lib/gcc/arm-none-eabi/11.3.1/../../../../arm-none-eabi/lib/thumb/v7e-m+fp/hard\libc_nano.a(libc_a-vsprintf.o)
 .ARM.attributes
                0x000000000000085f       0x34 C:/ST/STM32CubeIDE_1.13.2/STM32CubeIDE/plugins/com.st.stm32cube.ide.mcu.externaltools.gnu-tools-for-stm32.11.3.rel1.win32_1.1.100.202309141235/tools/bin/../lib/gcc/arm-none-eabi/11.3.1/../../../../arm-none-eabi/lib/thumb/v7e-m+fp/hard\libc_nano.a(libc_a-memset.o)
 .ARM.attributes
                0x0000000000000893       0x34 C:/ST/STM32CubeIDE_1.13.2/STM32CubeIDE/plugins/com.st.stm32cube.ide.mcu.externaltools.gnu-tools-for-stm32.11.3.rel1.win32_1.1.100.202309141235/tools/bin/../lib/gcc/arm-none-eabi/11.3.1/../../../../arm-none-eabi/lib/thumb/v7e-m+fp/hard\libc_nano.a(libc_a-reent.o)
 .ARM.attributes
                0x00000000000008c7       0x34 C:/ST/STM32CubeIDE_1.13.2/STM32CubeIDE/plugins/com.st.stm32cube.ide.mcu.externaltools.gnu-tools-for-stm32.11.3.rel1.win32_1.1.100.202309141235/tools/bin/../lib/gcc/arm-none-eabi/11.3.1/../../../../arm-none-eabi/lib/thumb/v7e-m+fp/hard\libc_nano.a(libc_a-impure.o)
 .ARM.attributes
                0x00000000000008fb       0x34 C:/ST/STM32CubeIDE_1.13.2/STM32CubeIDE/plugins/com.st.stm32cube.ide.mcu.externaltools.gnu-tools-for-stm32.11.3.rel1.win32_1.1.100.202309141235/tools/bin/../lib/gcc/arm-none-eabi/11.3.1/../../../../arm-none-eabi/lib/thumb/v7e-m+fp/hard\libc_nano.a(libc_a-errno.o)
 .ARM.attributes
                0x000000000000092f       0x34 C:/ST/STM32CubeIDE_1.13.2/STM32CubeIDE/plugins/com.st.stm32cube.ide.mcu.externaltools.gnu-tools-for-stm32.11.3.rel1.win32_1.1.100.202309141235/tools/bin/../lib/gcc/arm-none-eabi/11.3.1/../../../../arm-none-eabi/lib/thumb/v7e-m+fp/hard\libc_nano.a(libc_a-init.o)
 .ARM.attributes
                0x0000000000000963       0x34 C:/ST/STM32CubeIDE_1.13.2/STM32CubeIDE/plugins/com.st.stm32cube.ide.mcu.externaltools.gnu-tools-for-stm32.11.3.rel1.win32_1.1.100.202309141235/tools/bin/../lib/gcc/arm-none-eabi/11.3.1/../../../../arm-none-eabi/lib/thumb/v7e-m+fp/hard\libc_nano.a(libc_a-lock.o)
 .ARM.attributes
                0x0000000000000997       0x34 C:/ST/STM32CubeIDE_1.13.2/STM32CubeIDE/plugins/com.st.stm32cube.ide.mcu.externaltools.gnu-tools-for-stm32.11.3.rel1.win32_1.1.100.202309141235/tools/bin/../lib/gcc/arm-none-eabi/11.3.1/../../../../arm-none-eabi/lib/thumb/v7e-m+fp/hard\libc_nano.a(libc_a-freer.o)
 .ARM.attributes
                0x00000000000009cb       0x34 C:/ST/STM32CubeIDE_1.13.2/STM32CubeIDE/plugins/com.st.stm32cube.ide.mcu.externaltools.gnu-tools-for-stm32.11.3.rel1.win32_1.1.100.202309141235/tools/bin/../lib/gcc/arm-none-eabi/11.3.1/../../../../arm-none-eabi/lib/thumb/v7e-m+fp/hard\libc_nano.a(libc_a-mallocr.o)
 .ARM.attributes
                0x00000000000009ff       0x34 C:/ST/STM32CubeIDE_1.13.2/STM32CubeIDE/plugins/com.st.stm32cube.ide.mcu.externaltools.gnu-tools-for-stm32.11.3.rel1.win32_1.1.100.202309141235/tools/bin/../lib/gcc/arm-none-eabi/11.3.1/../../../../arm-none-eabi/lib/thumb/v7e-m+fp/hard\libc_nano.a(libc_a-mlock.o)
 .ARM.attributes