../Core/Src/ili9341.cpp:46:6:void lcdInit()	16	static
../Core/Src/ili9341.cpp:205:6:void lcdTest()	24	static
../Core/Src/ili9341.cpp:229:6:void lcdFillRGB(uint16_t)	24	static
../Core/Src/ili9341.cpp:248:6:void lcdDrawPixel(uint16_t, uint16_t, uint16_t)	16	static
../Core/Src/ili9341.cpp:257:6:void lcdDrawHLine(uint16_t, uint16_t, uint16_t, uint16_t)	32	static
../Core/Src/ili9341.cpp:286:6:void lcdDrawVLine(uint16_t, uint16_t, uint16_t, uint16_t)	32	static
../Core/Src/ili9341.cpp:327:6:void lcdDrawLine(int16_t, int16_t, int16_t, int16_t, uint16_t)	48	static
../Core/Src/ili9341.cpp:388:6:void lcdDrawRect(int16_t, int16_t, int16_t, int16_t, uint16_t)	24	static
../Core/Src/ili9341.cpp:408:6:void lcdDrawRoundRect(int16_t, int16_t, int16_t, int16_t, int16_t, uint16_t)	32	static
../Core/Src/ili9341.cpp:434:6:void lcdDrawCircleHelper(int16_t, int16_t, int16_t, uint8_t, uint16_t)	40	static
../Core/Src/ili9341.cpp:486:6:void lcdDrawCircle(int16_t, int16_t, int16_t, uint16_t)	40	static
../Core/Src/ili9341.cpp:534:6:void lcdDrawTriangle(int16_t, int16_t, int16_t, int16_t, int16_t, int16_t, uint16_t)	32	static
../Core/Src/ili9341.cpp:551:6:void lcdFillCircle(int16_t, int16_t, int16_t, uint16_t)	32	static
../Core/Src/ili9341.cpp:569:6:void lcdFillCircleHelper(int16_t, int16_t, int16_t, uint8_t, int16_t, uint16_t)	40	static
../Core/Src/ili9341.cpp:613:6:void lcdFillRect(int16_t, int16_t, int16_t, int16_t, uint16_t)	32	static
../Core/Src/ili9341.cpp:638:6:void lcdFillRoundRect(int16_t, int16_t, int16_t, int16_t, int16_t, uint16_t)	32	static
../Core/Src/ili9341.cpp:661:6:void lcdFillTriangle(int16_t, int16_t, int16_t, int16_t, int16_t, int16_t, uint16_t)	72	static
../Core/Src/ili9341.cpp:744:6:void lcdDrawImage(uint16_t, uint16_t, const sImage*)	24	static
../Core/Src/ili9341.cpp:756:6:void lcdHome()	8	static
../Core/Src/ili9341.cpp:775:6:void lcdDrawChar(int16_t, int16_t, unsigned char, uint16_t, uint16_t)	48	static
../Core/Src/ili9341.cpp:816:6:)	32	static
../Core/Src/ili9341.cpp:870:6:void lcdSetTextFont(sFONT*)	16	static
../Core/Src/ili9341.cpp:883:6:void lcdSetTextColor(uint16_t, uint16_t)	16	static
../Core/Src/ili9341.cpp:896:6:void lcdSetTextWrap(uint8_t)	16	static
../Core/Src/ili9341.cpp:901:6:void lcdSetOrientation(lcdOrientationTypeDef)	16	static
../Core/Src/ili9341.cpp:936:6:void lcdSetCursor(short unsigned int, short unsigned int)	16	static
../Core/Src/ili9341.cpp:953:6:void lcdSetWindow(short unsigned int, short unsigned int, short unsigned int, short unsigned int)	24	static
../Core/Src/ili9341.cpp:968:6:void lcdBacklightOff()	8	static
../Core/Src/ili9341.cpp:973:6:void lcdBacklightOn()	8	static
../Core/Src/ili9341.cpp:978:6:void lcdInversionOff()	8	static
../Core/Src/ili9341.cpp:983:6:void lcdInversionOn()	8	static
../Core/Src/ili9341.cpp:988:6:void lcdDisplayOff()	8	static
../Core/Src/ili9341.cpp:994:6:void lcdDisplayOn()	8	static
../Core/Src/ili9341.cpp:1000:6:void lcdTearingOff()	8	static
../Core/Src/ili9341.cpp:1005:6:void lcdTearingOn(bool)	16	static
../Core/Src/ili9341.cpp:1011:10:uint16_t lcdGetWidth()	4	static
../Core/Src/ili9341.cpp:1016:10:uint16_t lcdGetHeight()	4	static
../Core/Src/ili9341.cpp:1021:10:uint16_t lcdGetControllerID()	16	static
../Core/Src/ili9341.cpp:1032:23:lcdOrientationTypeDef lcdGetOrientation()	4	static
../Core/Src/ili9341.cpp:1037:8:sFONT* lcdGetTextFont()	4	static
../Core/Src/ili9341.cpp:1042:22:lcdPropertiesTypeDef lcdGetProperties()	16	static
../Core/Src/ili9341.cpp:1055:10:uint16_t lcdReadPixel(uint16_t, uint16_t)	24	static
../Core/Src/ili9341.cpp:1079:10:uint16_t lcdColor565(uint8_t, uint8_t, uint8_t)	16	static
../Core/Src/ili9341.cpp:1086:13:void lcdDrawPixels(uint16_t, uint16_t, uint16_t*, uint32_t)	32	static
../Core/Src/ili9341.cpp:1100:13:void lcdReset()	8	static
../Core/Src/ili9341.cpp:1107:13:void lcdWriteCommand(unsigned char)	16	static
../Core/Src/ili9341.cpp:1113:13:void lcdWriteData(short unsigned int)	16	static
../Core/Src/ili9341.cpp:1118:23:short unsigned int lcdReadData()	4	static
../Core/Src/ili9341.cpp:1123:22:unsigned char lcdBuildMemoryAccessControlConfig(bool, bool, bool, bool, bool, bool)	24	static
