../Core/Src/main.cpp:86:5:int main()	24	static
../Core/Src/main.cpp:165:6:void SystemClock_Config()	88	static
../Core/Src/main.cpp:209:6:void demoLCD(int)	32	static
../Core/Src/main.cpp:303:15:long unsigned int testFillScreen()	24	static
../Core/Src/main.cpp:343:15:long unsigned int testText()	16	static
../Core/Src/main.cpp:375:15:long unsigned int testLines(uint16_t)	64	static
../Core/Src/main.cpp:435:15:long unsigned int testFastLines(uint16_t, uint16_t)	40	static
../Core/Src/main.cpp:448:15:long unsigned int testRects(uint16_t)	56	static
../Core/Src/main.cpp:467:15:long unsigned int testFilledRects(uint16_t, uint16_t)	64	static
../Core/Src/main.cpp:490:15:long unsigned int testFilledCircles(uint8_t, uint16_t)	40	static
../Core/Src/main.cpp:508:15:long unsigned int testCircles(uint8_t, uint16_t)	40	static
../Core/Src/main.cpp:529:15:long unsigned int testTriangles()	72	static
../Core/Src/main.cpp:550:15:long unsigned int testFilledTriangles()	72	static
../Core/Src/main.cpp:568:15:long unsigned int testRoundRects()	64	static
../Core/Src/main.cpp:587:15:long unsigned int testFilledRoundRects()	64	static
../Core/Src/main.cpp:605:15:long unsigned int testDrawImage()	16	static
../Core/Src/main.cpp:628:6:void Error_Handler()	4	static,ignoring_inline_asm
