../Core/Src/main.cpp:87:5:int main()	48	static
../Core/Src/main.cpp:185:6:void SystemClock_Config()	88	static
../Core/Src/main.cpp:229:6:void demoLCD(int)	32	static
../Core/Src/main.cpp:323:15:long unsigned int testFillScreen()	24	static
../Core/Src/main.cpp:363:15:long unsigned int testText()	16	static
../Core/Src/main.cpp:395:15:long unsigned int testLines(uint16_t)	64	static
../Core/Src/main.cpp:455:15:long unsigned int testFastLines(uint16_t, uint16_t)	40	static
../Core/Src/main.cpp:468:15:long unsigned int testRects(uint16_t)	56	static
../Core/Src/main.cpp:487:15:long unsigned int testFilledRects(uint16_t, uint16_t)	64	static
../Core/Src/main.cpp:510:15:long unsigned int testFilledCircles(uint8_t, uint16_t)	40	static
../Core/Src/main.cpp:528:15:long unsigned int testCircles(uint8_t, uint16_t)	40	static
../Core/Src/main.cpp:549:15:long unsigned int testTriangles()	72	static
../Core/Src/main.cpp:570:15:long unsigned int testFilledTriangles()	72	static
../Core/Src/main.cpp:588:15:long unsigned int testRoundRects()	64	static
../Core/Src/main.cpp:607:15:long unsigned int testFilledRoundRects()	64	static
../Core/Src/main.cpp:625:15:long unsigned int testDrawImage()	16	static
../Core/Src/main.cpp:648:6:void Error_Handler()	4	static,ignoring_inline_asm
